<html>
<body>
<pre>
<h1>µVision Build Log</h1>
<h2>Tool Versions:</h2>
IDE-Version: µVision V5.38.0.0
Copyright (C) 2022 ARM Ltd and ARM Germany GmbH. All rights reserved.
License Information: 1 1, 1, LIC=GMZI6-DGEJ4-45BT5-GL0VN-6BJKY-CEEVY
 
Tool Versions:
Toolchain:       MDK-ARM Plus  Version: 5.38.0.0
Toolchain Path:  C:\Keil_v5\ARM\ARMCLANG\Bin
C Compiler:      ArmClang.exe V6.19
Assembler:       Armasm.exe V6.19
Linker/Locator:  ArmLink.exe V6.19
Library Manager: ArmAr.exe V6.19
Hex Converter:   FromElf.exe V6.19
CPU DLL:         SARMCM3.DLL V5.38.0.0
Dialog DLL:      DCM.DLL V1.17.5.0
Target DLL:      CMSIS_AGDI.dll V1.33.15.0
Dialog DLL:      TCM.DLL V1.56.4.0
 
<h2>Project:</h2>
D:\Shumeyko\Projects\repos\EN300\CPU\gd32f307rgt6_project.uvprojx
Project File Date:  09/22/2026

<h2>Output:</h2>
*** Using Compiler 'V6.19', folder: 'C:\Keil_v5\ARM\ARMCLANG\Bin'
Rebuild target 'Target 1'
Note: source file 'C:/Users/moreev_ay/AppData/Local/Arm/Packs/ARM/CMSIS-FreeRTOS/11.3.0/Source/tasks.c' - object file renamed from '.\Objects\tasks.o' to '.\Objects\tasks_1.o'.
compiling main.c...
compiling cfg.c...
compiling irqs.c...
compiling my_tasks.c...
compiling utils.c...
compiling gd32f307c_eval.c...
compiling gd32f30x_exti.c...
compiling gd32f30x_dma.c...
compiling gd32f30x_gpio.c...
compiling gd32f30x_misc.c...
compiling gd32f30x_pmu.c...
compiling gd32f30x_rcu.c...
compiling gd32f30x_spi.c...
compiling gd32f30x_timer.c...
compiling gd32f30x_usart.c...
assembling startup_gd32f30x_cl.s...
compiling system_gd32f30x.c...
compiling croutine.c...
compiling list.c...
compiling port.c...
compiling freertos_evr.c...
compiling heap_4.c...
compiling timers.c...
compiling queue.c...
compiling tasks.c...
linking...
Program Size: Code=17398 RO-data=394 RW-data=40 ZI-data=18432  
".\Objects\gd32f307rgt6_project.axf" - 0 Error(s), 0 Warning(s).

<h2>Software Packages used:</h2>

Package Vendor: ARM
                http://www.keil.com/pack/ARM.CMSIS.5.9.0.pack
                ARM.CMSIS.5.9.0
                CMSIS (Common Microcontroller Software Interface Standard)
   * Component: CORE Version: 5.6.0

Package Vendor: ARM
                https://www.keil.com/pack/ARM.CMSIS-FreeRTOS.11.3.0.pack
                ARM.CMSIS-FreeRTOS.11.3.0
                Bundle of FreeRTOS for Cortex-M and Cortex-A
   * Component: Config Variant: FreeRTOS Version: 11.3.0
   * Component: Core Variant: Cortex-M Version: 11.3.0
   * Component: Coroutines Version: 11.3.0
   * Component: Heap Variant: Heap_4 Version: 11.3.0
   * Component: Timers Version: 11.3.0

Package Vendor: GigaDevice
                https://gd32mcu.com/data/documents/pack/GigaDevice.GD32F30x_DFP.2.2.3.pack
                GigaDevice.GD32F30x_DFP.2.2.3
                GigaDevice GD32F30x Series Device Support and Examples
   * Component: GD32F307 Version: 2.2.0
   * Component: DMA Version: 2.2.0
   * Component: EXTI Version: 2.2.0
   * Component: GPIO Version: 2.2.0
   * Component: MISC Version: 2.2.0
   * Component: PMU Version: 2.2.0
   * Component: RCU Version: 2.2.0
   * Component: SPI_I2S Version: 2.2.0
   * Component: TIMER Version: 2.2.0
   * Component: USART Version: 2.1.0
   * Component: GD32F30x_libopt Version: 2.2.0
   * Component: Startup Version: 2.2.0

<h2>Collection of Component include folders:</h2>
  ./RTE/RTOS
  ./RTE/_Target_1
  C:/Users/moreev_ay/AppData/Local/Arm/Packs/ARM/CMSIS-FreeRTOS/11.3.0/CMSIS/RTOS2/FreeRTOS/Include
  C:/Users/moreev_ay/AppData/Local/Arm/Packs/ARM/CMSIS-FreeRTOS/11.3.0/Source/include
  C:/Users/moreev_ay/AppData/Local/Arm/Packs/ARM/CMSIS-FreeRTOS/11.3.0/Source/portable/GCC/ARM_CM4F
  C:/Users/moreev_ay/AppData/Local/Arm/Packs/ARM/CMSIS/5.9.0/CMSIS/Core/Include
  C:/Users/moreev_ay/AppData/Local/Arm/Packs/GigaDevice/GD32F30x_DFP/2.2.3/Device/Firmware/Peripherals/inc
  C:/Users/moreev_ay/AppData/Local/Arm/Packs/GigaDevice/GD32F30x_DFP/2.2.3/Device/Include
  C:/Users/moreev_ay/AppData/Local/Arm/Packs/GigaDevice/GD32F30x_DFP/2.2.3/Device/Template
  C:/Users/moreev_ay/AppData/Local/Arm/Packs/GigaDevice/GD32F30x_DFP/2.2.3/Device/Utilities

<h2>Collection of Component Files used:</h2>

   * Component: ARM.FreeRTOS::RTOS:Config:FreeRTOS:11.3.0
      Include file:  Source/examples/template_configuration/FreeRTOSConfig.h

   * Component: ARM.FreeRTOS::RTOS:Core:Cortex-M:11.3.0
      Include file:  Source/include/FreeRTOS.h
      Include file:  Source/include/queue.h
      Include file:  Source/include/semphr.h
      Include file:  Source/include/task.h
      Source file:   Source/list.c
      Source file:   Source/queue.c
      Source file:   Source/tasks.c
      Source file:   Source/portable/GCC/ARM_CM4F/port.c
      Source file:   CMSIS/RTOS2/FreeRTOS/Source/freertos_evr.c

   * Component: ARM.FreeRTOS::RTOS:Coroutines:11.3.0
      Include file:  Source/include/croutine.h
      Source file:   Source/croutine.c

   * Component: ARM.FreeRTOS::RTOS:Heap:Heap_4:11.3.0
      Source file:   Source/portable/MemMang/heap_4.c

   * Component: ARM.FreeRTOS::RTOS:Timers:11.3.0
      Include file:  Source/include/timers.h
      Source file:   Source/timers.c

   * Component: ARM::CMSIS:CORE:5.6.0

   * Component: GigaDevice::Device:EVAL:GD32F307:2.2.0
      Include file:  Device/Utilities/gd32f307c_eval.h
      Source file:   Device/Utilities/gd32f307c_eval.c

   * Component: GigaDevice::Device:GD32F30x_StdPeripherals:DMA:2.2.0
      Include file:  Device/Firmware/Peripherals/inc/gd32f30x_dma.h
      Source file:   Device/Firmware/Peripherals/src/gd32f30x_dma.c

   * Component: GigaDevice::Device:GD32F30x_StdPeripherals:EXTI:2.2.0
      Include file:  Device/Firmware/Peripherals/inc/gd32f30x_exti.h
      Source file:   Device/Firmware/Peripherals/src/gd32f30x_exti.c

   * Component: GigaDevice::Device:GD32F30x_StdPeripherals:GPIO:2.2.0
      Include file:  Device/Firmware/Peripherals/inc/gd32f30x_gpio.h
      Source file:   Device/Firmware/Peripherals/src/gd32f30x_gpio.c

   * Component: GigaDevice::Device:GD32F30x_StdPeripherals:MISC:2.2.0
      Include file:  Device/Firmware/Peripherals/inc/gd32f30x_misc.h
      Source file:   Device/Firmware/Peripherals/src/gd32f30x_misc.c

   * Component: GigaDevice::Device:GD32F30x_StdPeripherals:PMU:2.2.0
      Include file:  Device/Firmware/Peripherals/inc/gd32f30x_pmu.h
      Source file:   Device/Firmware/Peripherals/src/gd32f30x_pmu.c

   * Component: GigaDevice::Device:GD32F30x_StdPeripherals:RCU:2.2.0
      Include file:  Device/Firmware/Peripherals/inc/gd32f30x_rcu.h
      Source file:   Device/Firmware/Peripherals/src/gd32f30x_rcu.c

   * Component: GigaDevice::Device:GD32F30x_StdPeripherals:SPI_I2S:2.2.0
      Include file:  Device/Firmware/Peripherals/inc/gd32f30x_spi.h
      Source file:   Device/Firmware/Peripherals/src/gd32f30x_spi.c

   * Component: GigaDevice::Device:GD32F30x_StdPeripherals:TIMER:2.2.0
      Include file:  Device/Firmware/Peripherals/inc/gd32f30x_timer.h
      Source file:   Device/Firmware/Peripherals/src/gd32f30x_timer.c

   * Component: GigaDevice::Device:GD32F30x_StdPeripherals:USART:2.1.0
      Include file:  Device/Firmware/Peripherals/inc/gd32f30x_usart.h
      Source file:   Device/Firmware/Peripherals/src/gd32f30x_usart.c

   * Component: GigaDevice::Device:GD32F30x_libopt:2.2.0
      Include file:  Device/Template/gd32f30x_libopt.h

   * Component: GigaDevice::Device:Startup:2.2.0
      Include file:  Device/Include/gd32f30x.h
      Source file:   Device/Source/ARM/startup_gd32f30x_cl.s
      Source file:   Device/Source/system_gd32f30x.c
Build Time Elapsed:  00:00:02
</pre>
</body>
</html>
