Component: Arm Compiler for Embedded 6.19 Tool: armlink [5e73cb00]

==============================================================================

Section Cross References

    main.o(.text.main) refers to cfg.o(.text.rcu_config) for rcu_config
    main.o(.text.main) refers to irqs.o(.text.nvic_priorities) for nvic_priorities
    main.o(.text.main) refers to cfg.o(.text.leds_config) for leds_config
    main.o(.text.main) refers to queue.o(.text.xQueueGenericCreate) for xQueueGenericCreate
    main.o(.text.main) refers to main.o(.bss.xTxSemaphore) for xTxSemaphore
    main.o(.text.main) refers to my_tasks.o(.text.vTaskBlink) for vTaskBlink
    main.o(.text.main) refers to main.o(.rodata.str1.1) for .L.str
    main.o(.text.main) refers to tasks_1.o(.text.xTaskCreate) for xTaskCreate
    main.o(.text.main) refers to main.o(.bss.xRxTaskHandle) for xRxTaskHandle
    main.o(.text.main) refers to my_tasks.o(.text.vTaskRW) for vTaskRW
    main.o(.text.main) refers to cfg.o(.text.usart_config) for usart_config
    main.o(.text.main) refers to cfg.o(.text.dma_for_usart0_config) for dma_for_usart0_config
    main.o(.text.main) refers to utils.o(.text.reset_IDLE) for reset_IDLE
    main.o(.text.main) refers to tasks_1.o(.text.vTaskStartScheduler) for vTaskStartScheduler
    main.o(.ARM.exidx.text.main) refers to main.o(.text.main) for [Anonymous Symbol]
    cfg.o(.text.rcu_config) refers to gd32f30x_rcu.o(.text.rcu_periph_clock_enable) for rcu_periph_clock_enable
    cfg.o(.ARM.exidx.text.rcu_config) refers to cfg.o(.text.rcu_config) for [Anonymous Symbol]
    cfg.o(.text.leds_config) refers to gd32f30x_gpio.o(.text.gpio_init) for gpio_init
    cfg.o(.text.leds_config) refers to gd32f30x_gpio.o(.text.gpio_bit_reset) for gpio_bit_reset
    cfg.o(.ARM.exidx.text.leds_config) refers to cfg.o(.text.leds_config) for [Anonymous Symbol]
    cfg.o(.text.usart_config) refers to gd32f307c_eval.o(.text.gd_eval_com_init) for gd_eval_com_init
    cfg.o(.text.usart_config) refers to gd32f30x_usart.o(.text.usart_interrupt_enable) for usart_interrupt_enable
    cfg.o(.ARM.exidx.text.usart_config) refers to cfg.o(.text.usart_config) for [Anonymous Symbol]
    cfg.o(.text.dma_for_usart0_config) refers to gd32f30x_rcu.o(.text.rcu_periph_clock_enable) for rcu_periph_clock_enable
    cfg.o(.text.dma_for_usart0_config) refers to gd32f30x_dma.o(.text.dma_deinit) for dma_deinit
    cfg.o(.text.dma_for_usart0_config) refers to my_tasks.o(.bss.tx_buf) for tx_buf
    cfg.o(.text.dma_for_usart0_config) refers to gd32f30x_dma.o(.text.dma_init) for dma_init
    cfg.o(.text.dma_for_usart0_config) refers to gd32f30x_dma.o(.text.dma_circulation_disable) for dma_circulation_disable
    cfg.o(.text.dma_for_usart0_config) refers to gd32f30x_dma.o(.text.dma_memory_to_memory_disable) for dma_memory_to_memory_disable
    cfg.o(.text.dma_for_usart0_config) refers to my_tasks.o(.bss.rx_buf) for rx_buf
    cfg.o(.text.dma_for_usart0_config) refers to gd32f30x_dma.o(.text.dma_circulation_enable) for dma_circulation_enable
    cfg.o(.text.dma_for_usart0_config) refers to gd32f30x_dma.o(.text.dma_interrupt_enable) for dma_interrupt_enable
    cfg.o(.text.dma_for_usart0_config) refers to gd32f30x_dma.o(.text.dma_channel_enable) for dma_channel_enable
    cfg.o(.text.dma_for_usart0_config) refers to gd32f30x_usart.o(.text.usart_dma_receive_config) for usart_dma_receive_config
    cfg.o(.text.dma_for_usart0_config) refers to gd32f30x_usart.o(.text.usart_dma_transmit_config) for usart_dma_transmit_config
    cfg.o(.ARM.exidx.text.dma_for_usart0_config) refers to cfg.o(.text.dma_for_usart0_config) for [Anonymous Symbol]
    my_tasks.o(.ARM.exidx.text.vApplicationStackOverflowHook) refers to my_tasks.o(.text.vApplicationStackOverflowHook) for [Anonymous Symbol]
    my_tasks.o(.text.vTaskBlink) refers to gd32f30x_gpio.o(.text.gpio_bit_set) for gpio_bit_set
    my_tasks.o(.text.vTaskBlink) refers to gd32f30x_gpio.o(.text.gpio_bit_reset) for gpio_bit_reset
    my_tasks.o(.text.vTaskBlink) refers to tasks_1.o(.text.vTaskDelay) for vTaskDelay
    my_tasks.o(.ARM.exidx.text.vTaskBlink) refers to my_tasks.o(.text.vTaskBlink) for [Anonymous Symbol]
    my_tasks.o(.text.vTaskRW) refers to tasks_1.o(.text.xTaskGenericNotifyWait) for xTaskGenericNotifyWait
    my_tasks.o(.text.vTaskRW) refers to my_tasks.o(.bss.rx_buf) for rx_buf
    my_tasks.o(.text.vTaskRW) refers to gd32f30x_dma.o(.text.dma_channel_disable) for dma_channel_disable
    my_tasks.o(.text.vTaskRW) refers to gd32f30x_dma.o(.text.dma_flag_clear) for dma_flag_clear
    my_tasks.o(.text.vTaskRW) refers to my_tasks.o(.bss.tx_buf) for tx_buf
    my_tasks.o(.text.vTaskRW) refers to gd32f30x_dma.o(.text.dma_memory_address_config) for dma_memory_address_config
    my_tasks.o(.text.vTaskRW) refers to gd32f30x_dma.o(.text.dma_transfer_number_config) for dma_transfer_number_config
    my_tasks.o(.text.vTaskRW) refers to gd32f30x_dma.o(.text.dma_channel_enable) for dma_channel_enable
[...]
    ../fplib/fpinit.s                        0x00000000   Number         0  fpinit.o ABSOLUTE
    RTE/Device/GD32F307RG/startup_gd32f30x_cl.s 0x00000000   Number         0  startup_gd32f30x_cl.o ABSOLUTE
    cfg.c                                    0x00000000   Number         0  cfg.o ABSOLUTE
    croutine.c                               0x00000000   Number         0  croutine.o ABSOLUTE
    dc.s                                     0x00000000   Number         0  dc.o ABSOLUTE
    freertos_evr.c                           0x00000000   Number         0  freertos_evr.o ABSOLUTE
    gd32f307c_eval.c                         0x00000000   Number         0  gd32f307c_eval.o ABSOLUTE
    gd32f30x_dma.c                           0x00000000   Number         0  gd32f30x_dma.o ABSOLUTE
    gd32f30x_exti.c                          0x00000000   Number         0  gd32f30x_exti.o ABSOLUTE
    gd32f30x_gpio.c                          0x00000000   Number         0  gd32f30x_gpio.o ABSOLUTE
    gd32f30x_misc.c                          0x00000000   Number         0  gd32f30x_misc.o ABSOLUTE
    gd32f30x_pmu.c                           0x00000000   Number         0  gd32f30x_pmu.o ABSOLUTE
    gd32f30x_rcu.c                           0x00000000   Number         0  gd32f30x_rcu.o ABSOLUTE
    gd32f30x_spi.c                           0x00000000   Number         0  gd32f30x_spi.o ABSOLUTE
    gd32f30x_timer.c                         0x00000000   Number         0  gd32f30x_timer.o ABSOLUTE
    gd32f30x_usart.c                         0x00000000   Number         0  gd32f30x_usart.o ABSOLUTE
    heap_4.c                                 0x00000000   Number         0  heap_4.o ABSOLUTE
    irqs.c                                   0x00000000   Number         0  irqs.o ABSOLUTE
    list.c                                   0x00000000   Number         0  list.o ABSOLUTE
    main.c                                   0x00000000   Number         0  main.o ABSOLUTE
    my_tasks.c                               0x00000000   Number         0  my_tasks.o ABSOLUTE
    port.c                                   0x00000000   Number         0  port.o ABSOLUTE
    queue.c                                  0x00000000   Number         0  queue.o ABSOLUTE
    system_gd32f30x.c                        0x00000000   Number         0  system_gd32f30x.o ABSOLUTE
    tasks.c                                  0x00000000   Number         0  tasks_1.o ABSOLUTE
    timers.c                                 0x00000000   Number         0  timers.o ABSOLUTE
    utils.c                                  0x00000000   Number         0  utils.o ABSOLUTE
    RESET                                    0x08000000   Section      336  startup_gd32f30x_cl.o(RESET)
    !!!main                                  0x08000150   Section        8  __main.o(!!!main)
    !!!scatter                               0x08000158   Section       52  __scatter.o(!!!scatter)
    !!handler_copy                           0x0800018c   Section       26  __scatter_copy.o(!!handler_copy)
    !!handler_zi                             0x080001a8   Section       28  __scatter_zi.o(!!handler_zi)
    .ARM.Collect$$libinit$$00000000          0x080001c4   Section        2  libinit.o(.ARM.Collect$$libinit$$00000000)
    .ARM.Collect$$libinit$$00000001          0x080001c6   Section        4  libinit2.o(.ARM.Collect$$libinit$$00000001)
    .ARM.Collect$$libinit$$00000004          0x080001ca   Section        0  libinit2.o(.ARM.Collect$$libinit$$00000004)
    .ARM.Collect$$libinit$$00000006          0x080001ca   Section        0  libinit2.o(.ARM.Collect$$libinit$$00000006)
    .ARM.Collect$$libinit$$0000000C          0x080001ca   Section        0  libinit2.o(.ARM.Collect$$libinit$$0000000C)
    .ARM.Collect$$libinit$$0000000E          0x080001ca   Section        0  libinit2.o(.ARM.Collect$$libinit$$0000000E)
    .ARM.Collect$$libinit$$00000010          0x080001ca   Section        0  libinit2.o(.ARM.Collect$$libinit$$00000010)
    .ARM.Collect$$libinit$$00000013          0x080001ca   Section        0  libinit2.o(.ARM.Collect$$libinit$$00000013)
    .ARM.Collect$$libinit$$00000015          0x080001ca   Section        0  libinit2.o(.ARM.Collect$$libinit$$00000015)
    .ARM.Collect$$libinit$$00000017          0x080001ca   Section        0  libinit2.o(.ARM.Collect$$libinit$$00000017)
    .ARM.Collect$$libinit$$00000019          0x080001ca   Section        0  libinit2.o(.ARM.Collect$$libinit$$00000019)
    .ARM.Collect$$libinit$$0000001B          0x080001ca   Section        0  libinit2.o(.ARM.Collect$$libinit$$0000001B)
    .ARM.Collect$$libinit$$0000001D          0x080001ca   Section        0  libinit2.o(.ARM.Collect$$libinit$$0000001D)
    .ARM.Collect$$libinit$$0000001F          0x080001ca   Section        0  libinit2.o(.ARM.Collect$$libinit$$0000001F)
    .ARM.Collect$$libinit$$00000021          0x080001ca   Section        0  libinit2.o(.ARM.Collect$$libinit$$00000021)
    .ARM.Collect$$libinit$$00000023          0x080001ca   Section        0  libinit2.o(.ARM.Collect$$libinit$$00000023)
    .ARM.Collect$$libinit$$00000025          0x080001ca   Section        0  libinit2.o(.ARM.Collect$$libinit$$00000025)
    .ARM.Collect$$libinit$$00000027          0x080001ca   Section        0  libinit2.o(.ARM.Collect$$libinit$$00000027)
    .ARM.Collect$$libinit$$0000002E          0x080001ca   Section        0  libinit2.o(.ARM.Collect$$libinit$$0000002E)
    .ARM.Collect$$libinit$$00000030          0x080001ca   Section        0  libinit2.o(.ARM.Collect$$libinit$$00000030)
    .ARM.Collect$$libinit$$00000032          0x080001ca   Section        0  libinit2.o(.ARM.Collect$$libinit$$00000032)
    .ARM.Collect$$libinit$$00000034          0x080001ca   Section        0  libinit2.o(.ARM.Collect$$libinit$$00000034)
    .ARM.Collect$$libinit$$00000035          0x080001ca   Section        2  libinit2.o(.ARM.Collect$$libinit$$00000035)
    .ARM.Collect$$libshutdown$$00000000      0x080001cc   Section        2  libshutdown.o(.ARM.Collect$$libshutdown$$00000000)
    .ARM.Collect$$libshutdown$$00000002      0x080001ce   Section        0  libshutdown2.o(.ARM.Collect$$libshutdown$$00000002)
    .ARM.Collect$$libshutdown$$00000004      0x080001ce   Section        0  libshutdown2.o(.ARM.Collect$$libshutdown$$00000004)
    .ARM.Collect$$libshutdown$$00000007      0x080001ce   Section        0  libshutdown2.o(.ARM.Collect$$libshutdown$$00000007)
    .ARM.Collect$$libshutdown$$0000000A      0x080001ce   Section        0  libshutdown2.o(.ARM.Collect$$libshutdown$$0000000A)
    .ARM.Collect$$libshutdown$$0000000C      0x080001ce   Section        0  libshutdown2.o(.ARM.Collect$$libshutdown$$0000000C)
    .ARM.Collect$$libshutdown$$0000000F      0x080001ce   Section        0  libshutdown2.o(.ARM.Collect$$libshutdown$$0000000F)
    .ARM.Collect$$libshutdown$$00000010      0x080001ce   Section        2  libshutdown2.o(.ARM.Collect$$libshutdown$$00000010)
    .ARM.Collect$$rtentry$$00000000          0x080001d0   Section        0  __rtentry.o(.ARM.Collect$$rtentry$$00000000)
    .ARM.Collect$$rtentry$$00000002          0x080001d0   Section        0  __rtentry2.o(.ARM.Collect$$rtentry$$00000002)
    .ARM.Collect$$rtentry$$00000004          0x080001d0   Section        6  __rtentry4.o(.ARM.Collect$$rtentry$$00000004)
    .ARM.Collect$$rtentry$$00000009          0x080001d6   Section        0  __rtentry2.o(.ARM.Collect$$rtentry$$00000009)
    .ARM.Collect$$rtentry$$0000000A          0x080001d6   Section        4  __rtentry2.o(.ARM.Collect$$rtentry$$0000000A)
    .ARM.Collect$$rtentry$$0000000C          0x080001da   Section        0  __rtentry2.o(.ARM.Collect$$rtentry$$0000000C)
    .ARM.Collect$$rtentry$$0000000D          0x080001da   Section        8  __rtentry2.o(.ARM.Collect$$rtentry$$0000000D)
    .ARM.Collect$$rtexit$$00000000           0x080001e2   Section        2  rtexit.o(.ARM.Collect$$rtexit$$00000000)
    .ARM.Collect$$rtexit$$00000002           0x080001e4   Section        0  rtexit2.o(.ARM.Collect$$rtexit$$00000002)
    .ARM.Collect$$rtexit$$00000003           0x080001e4   Section        4  rtexit2.o(.ARM.Collect$$rtexit$$00000003)
    .ARM.Collect$$rtexit$$00000004           0x080001e8   Section        6  rtexit2.o(.ARM.Collect$$rtexit$$00000004)
    $v0                                      0x080001f0   Number         0  startup_gd32f30x_cl.o(.text)
    .text                                    0x080001f0   Section       64  startup_gd32f30x_cl.o(.text)
    .text                                    0x08000230   Section      240  lludivv7m.o(.text)
    .text                                    0x08000320   Section       16  aeabi_memset4.o(.text)
    .text                                    0x08000330   Section       68  rt_memclr.o(.text)
    .text                                    0x08000374   Section        0  heapauxi.o(.text)
    .text                                    0x0800037a   Section       78  rt_memclr_w.o(.text)
    .text                                    0x080003c8   Section       74  sys_stackheap_outer.o(.text)
    .text                                    0x08000412   Section        0  exit.o(.text)
    .text                                    0x08000424   Section        8  libspace.o(.text)
    .text                                    0x0800042c   Section        0  sys_exit.o(.text)
    .text                                    0x08000438   Section        2  use_no_semi.o(.text)
    .text                                    0x0800043a   Section        0  indicate_semi.o(.text)
    [Anonymous Symbol]                       0x0800043c   Section        0  irqs.o(.text.DMA0_Channel3_IRQHandler)
    [Anonymous Symbol]                       0x080004a0   Section        0  port.o(.text.PendSV_Handler)
    [Anonymous Symbol]                       0x08000500   Section        0  port.o(.text.SVC_Handler)
    [Anonymous Symbol]                       0x08000520   Section        0  port.o(.text.SysTick_Handler)
    [Anonymous Symbol]                       0x08000560   Section        0  system_gd32f30x.o(.text.SystemInit)
    [Anonymous Symbol]                       0x08000604   Section        0  irqs.o(.text.USART0_IRQHandler)
    [Anonymous Symbol]                       0x08000684   Section        0  gd32f30x_dma.o(.text.dma_channel_disable)
    [Anonymous Symbol]                       0x080006bc   Section        0  gd32f30x_dma.o(.text.dma_channel_enable)
    [Anonymous Symbol]                       0x080006f4   Section        0  gd32f30x_dma.o(.text.dma_circulation_disable)
    [Anonymous Symbol]                       0x0800072c   Section        0  gd32f30x_dma.o(.text.dma_circulation_enable)
    [Anonymous Symbol]                       0x08000764   Section        0  gd32f30x_dma.o(.text.dma_deinit)
    [Anonymous Symbol]                       0x080007f0   Section        0  gd32f30x_dma.o(.text.dma_flag_clear)
    [Anonymous Symbol]                       0x08000814   Section        0  cfg.o(.text.dma_for_usart0_config)
    [Anonymous Symbol]                       0x080008e8   Section        0  gd32f30x_dma.o(.text.dma_init)
    [Anonymous Symbol]                       0x08000a30   Section        0  gd32f30x_dma.o(.text.dma_interrupt_enable)
    [Anonymous Symbol]                       0x08000a68   Section        0  gd32f30x_dma.o(.text.dma_interrupt_flag_clear)
    [Anonymous Symbol]                       0x08000a8c   Section        0  gd32f30x_dma.o(.text.dma_interrupt_flag_get)
    [Anonymous Symbol]                       0x08000b5c   Section        0  gd32f30x_dma.o(.text.dma_memory_address_config)
    [Anonymous Symbol]                       0x08000b90   Section        0  gd32f30x_dma.o(.text.dma_memory_to_memory_disable)
    dma_periph_and_channel_check             0x08000bc9   Thumb Code    58  gd32f30x_dma.o(.text.dma_periph_and_channel_check)
    [Anonymous Symbol]                       0x08000bc8   Section        0  gd32f30x_dma.o(.text.dma_periph_and_channel_check)
    [Anonymous Symbol]                       0x08000c04   Section        0  gd32f30x_dma.o(.text.dma_transfer_number_config)
    [Anonymous Symbol]                       0x08000c3c   Section        0  gd32f30x_dma.o(.text.dma_transfer_number_get)
    [Anonymous Symbol]                       0x08000c6c   Section        0  gd32f307c_eval.o(.text.gd_eval_com_init)
    [Anonymous Symbol]                       0x08000d38   Section        0  gd32f30x_gpio.o(.text.gpio_bit_reset)
    [Anonymous Symbol]                       0x08000d48   Section        0  gd32f30x_gpio.o(.text.gpio_bit_set)
    [Anonymous Symbol]                       0x08000d58   Section        0  gd32f30x_gpio.o(.text.gpio_init)
    [Anonymous Symbol]                       0x08000edc   Section        0  cfg.o(.text.leds_config)
    [Anonymous Symbol]                       0x08000f50   Section        0  main.o(.text.main)
    [Anonymous Symbol]                       0x08000fe0   Section        0  gd32f30x_misc.o(.text.nvic_irq_enable)
    [Anonymous Symbol]                       0x0800110c   Section        0  irqs.o(.text.nvic_priorities)
    [Anonymous Symbol]                       0x08001134   Section        0  gd32f30x_misc.o(.text.nvic_priority_group_set)
    prvAddCurrentTaskToDelayedList           0x08001151   Thumb Code   300  tasks_1.o(.text.prvAddCurrentTaskToDelayedList)
    [Anonymous Symbol]                       0x08001150   Section        0  tasks_1.o(.text.prvAddCurrentTaskToDelayedList)
    prvAddNewTaskToReadyList                 0x0800127d   Thumb Code   368  tasks_1.o(.text.prvAddNewTaskToReadyList)
    [Anonymous Symbol]                       0x0800127c   Section        0  tasks_1.o(.text.prvAddNewTaskToReadyList)
    prvCheckTasksWaitingTermination          0x080013ed   Thumb Code    90  tasks_1.o(.text.prvCheckTasksWaitingTermination)
    [Anonymous Symbol]                       0x080013ec   Section        0  tasks_1.o(.text.prvCheckTasksWaitingTermination)
    prvCreateIdleTasks                       0x08001449   Thumb Code   162  tasks_1.o(.text.prvCreateIdleTasks)
    [Anonymous Symbol]                       0x08001448   Section        0  tasks_1.o(.text.prvCreateIdleTasks)
    prvCreateTask                            0x080014ed   Thumb Code   136  tasks_1.o(.text.prvCreateTask)
    [Anonymous Symbol]                       0x080014ec   Section        0  tasks_1.o(.text.prvCreateTask)
    prvDeleteTCB                             0x08001575   Thumb Code    24  tasks_1.o(.text.prvDeleteTCB)
    [Anonymous Symbol]                       0x08001574   Section        0  tasks_1.o(.text.prvDeleteTCB)
    prvGetHighestPriorityOfWaitToReceiveList 0x0800158d   Thumb Code    38  queue.o(.text.prvGetHighestPriorityOfWaitToReceiveList)
    [Anonymous Symbol]                       0x0800158c   Section        0  queue.o(.text.prvGetHighestPriorityOfWaitToReceiveList)
    prvHeapInit                              0x080015b5   Thumb Code   170  heap_4.o(.text.prvHeapInit)
    [Anonymous Symbol]                       0x080015b4   Section        0  heap_4.o(.text.prvHeapInit)
    prvIdleTask                              0x08001661   Thumb Code    56  tasks_1.o(.text.prvIdleTask)
    [Anonymous Symbol]                       0x08001660   Section        0  tasks_1.o(.text.prvIdleTask)
    prvInitialiseNewQueue                    0x08001699   Thumb Code    72  queue.o(.text.prvInitialiseNewQueue)
    [Anonymous Symbol]                       0x08001698   Section        0  queue.o(.text.prvInitialiseNewQueue)
    prvInitialiseNewTask                     0x080016e1   Thumb Code   342  tasks_1.o(.text.prvInitialiseNewTask)
    [Anonymous Symbol]                       0x080016e0   Section        0  tasks_1.o(.text.prvInitialiseNewTask)
    prvInitialiseTaskLists                   0x08001839   Thumb Code   142  tasks_1.o(.text.prvInitialiseTaskLists)
    [Anonymous Symbol]                       0x08001838   Section        0  tasks_1.o(.text.prvInitialiseTaskLists)
    prvInsertBlockIntoFreeList               0x080018c9   Thumb Code   294  heap_4.o(.text.prvInsertBlockIntoFreeList)
    [Anonymous Symbol]                       0x080018c8   Section        0  heap_4.o(.text.prvInsertBlockIntoFreeList)
    prvIsQueueEmpty                          0x080019f1   Thumb Code    40  queue.o(.text.prvIsQueueEmpty)
    [Anonymous Symbol]                       0x080019f0   Section        0  queue.o(.text.prvIsQueueEmpty)
    prvPortStartFirstTask                    0x08001a19   Thumb Code    40  port.o(.text.prvPortStartFirstTask)
    [Anonymous Symbol]                       0x08001a18   Section        0  port.o(.text.prvPortStartFirstTask)
    prvResetNextTaskUnblockTime              0x08001a41   Thumb Code    66  tasks_1.o(.text.prvResetNextTaskUnblockTime)
    [Anonymous Symbol]                       0x08001a40   Section        0  tasks_1.o(.text.prvResetNextTaskUnblockTime)
    prvTaskExitError                         0x08001a85   Thumb Code    76  port.o(.text.prvTaskExitError)
    [Anonymous Symbol]                       0x08001a84   Section        0  port.o(.text.prvTaskExitError)
    prvUnlockQueue                           0x08001ad1   Thumb Code   174  queue.o(.text.prvUnlockQueue)
    [Anonymous Symbol]                       0x08001ad0   Section        0  queue.o(.text.prvUnlockQueue)
    [Anonymous Symbol]                       0x08001b80   Section        0  heap_4.o(.text.pvPortMalloc)
    [Anonymous Symbol]                       0x08001e8c   Section        0  tasks_1.o(.text.pvTaskIncrementMutexHeldCount)
    [Anonymous Symbol]                       0x08001eb0   Section        0  port.o(.text.pxPortInitialiseStack)
    [Anonymous Symbol]                       0x08001f10   Section        0  gd32f30x_rcu.o(.text.rcu_clock_freq_get)
    [Anonymous Symbol]                       0x0800216c   Section        0  cfg.o(.text.rcu_config)
    [Anonymous Symbol]                       0x08002180   Section        0  gd32f30x_rcu.o(.text.rcu_periph_clock_enable)
    [Anonymous Symbol]                       0x080021a8   Section        0  gd32f30x_rcu.o(.text.rcu_periph_reset_disable)
    [Anonymous Symbol]                       0x080021d0   Section        0  gd32f30x_rcu.o(.text.rcu_periph_reset_enable)
    [Anonymous Symbol]                       0x080021f8   Section        0  utils.o(.text.reset_IDLE)
    system_clock_120m_hxtal                  0x0800220d   Thumb Code   430  system_gd32f30x.o(.text.system_clock_120m_hxtal)
    [Anonymous Symbol]                       0x0800220c   Section        0  system_gd32f30x.o(.text.system_clock_120m_hxtal)
    system_clock_config                      0x080023bd   Thumb Code     8  system_gd32f30x.o(.text.system_clock_config)
    [Anonymous Symbol]                       0x080023bc   Section        0  system_gd32f30x.o(.text.system_clock_config)
    [Anonymous Symbol]                       0x080023c4   Section        0  gd32f30x_usart.o(.text.usart_baudrate_set)
    [Anonymous Symbol]                       0x08002490   Section        0  cfg.o(.text.usart_config)
    [Anonymous Symbol]                       0x080024b0   Section        0  gd32f30x_usart.o(.text.usart_deinit)
    [Anonymous Symbol]                       0x08002568   Section        0  gd32f30x_usart.o(.text.usart_dma_receive_config)
    [Anonymous Symbol]                       0x08002594   Section        0  gd32f30x_usart.o(.text.usart_dma_transmit_config)
    [Anonymous Symbol]                       0x080025c0   Section        0  gd32f30x_usart.o(.text.usart_enable)
    [Anonymous Symbol]                       0x080025d4   Section        0  gd32f30x_usart.o(.text.usart_interrupt_enable)
    [Anonymous Symbol]                       0x080025f8   Section        0  gd32f30x_usart.o(.text.usart_interrupt_flag_get)
    [Anonymous Symbol]                       0x08002658   Section        0  gd32f30x_usart.o(.text.usart_receive_config)
    [Anonymous Symbol]                       0x08002684   Section        0  gd32f30x_usart.o(.text.usart_transmit_config)
    [Anonymous Symbol]                       0x080026b0   Section        0  list.o(.text.uxListRemove)
    [Anonymous Symbol]                       0x080026f8   Section        0  tasks_1.o(.text.uxTaskGetNumberOfTasks)
    [Anonymous Symbol]                       0x08002704   Section        0  list.o(.text.vListInitialise)
    [Anonymous Symbol]                       0x08002734   Section        0  list.o(.text.vListInitialiseItem)
    [Anonymous Symbol]                       0x08002744   Section        0  list.o(.text.vListInsert)
    vPortEnableVFP                           0x080027bd   Thumb Code    20  port.o(.text.vPortEnableVFP)
    [Anonymous Symbol]                       0x080027bc   Section        0  port.o(.text.vPortEnableVFP)
    [Anonymous Symbol]                       0x080027d0   Section        0  port.o(.text.vPortEnterCritical)
    [Anonymous Symbol]                       0x08002828   Section        0  port.o(.text.vPortExitCritical)
    [Anonymous Symbol]                       0x08002874   Section        0  heap_4.o(.text.vPortFree)
    [Anonymous Symbol]                       0x08002998   Section        0  port.o(.text.vPortSetupTimerInterrupt)
    [Anonymous Symbol]                       0x080029e0   Section        0  port.o(.text.vPortValidateInterruptPriority)
    [Anonymous Symbol]                       0x08002a64   Section        0  my_tasks.o(.text.vTaskBlink)
    [Anonymous Symbol]                       0x08002aec   Section        0  tasks_1.o(.text.vTaskDelay)
    [Anonymous Symbol]                       0x08002b64   Section        0  tasks_1.o(.text.vTaskInternalSetTimeOutState)
    [Anonymous Symbol]                       0x08002b8c   Section        0  tasks_1.o(.text.vTaskMissedYield)
    [Anonymous Symbol]                       0x08002b9c   Section        0  tasks_1.o(.text.vTaskPlaceOnEventList)
    [Anonymous Symbol]                       0x08002be4   Section        0  tasks_1.o(.text.vTaskPriorityDisinheritAfterTimeout)
    [Anonymous Symbol]                       0x08002d74   Section        0  my_tasks.o(.text.vTaskRW)
    [Anonymous Symbol]                       0x08002ed8   Section        0  tasks_1.o(.text.vTaskStartScheduler)
    [Anonymous Symbol]                       0x08002f5c   Section        0  tasks_1.o(.text.vTaskSuspendAll)
    __tagsym$$used.0                         0x08002f6c   Number         0  tasks_1.o(.text.vTaskSwitchContext)
    [Anonymous Symbol]                       0x08002f6c   Section        0  tasks_1.o(.text.vTaskSwitchContext)
    [Anonymous Symbol]                       0x08003044   Section        0  port.o(.text.xPortStartScheduler)
    [Anonymous Symbol]                       0x08003238   Section        0  queue.o(.text.xQueueGenericCreate)
    [Anonymous Symbol]                       0x080032d4   Section        0  queue.o(.text.xQueueGenericReset)
    [Anonymous Symbol]                       0x080033dc   Section        0  queue.o(.text.xQueueGiveFromISR)
    [Anonymous Symbol]                       0x08003548   Section        0  queue.o(.text.xQueueSemaphoreTake)
    [Anonymous Symbol]                       0x08003764   Section        0  tasks_1.o(.text.xTaskCheckForTimeOut)
    [Anonymous Symbol]                       0x08003864   Section        0  tasks_1.o(.text.xTaskCreate)
    [Anonymous Symbol]                       0x080038b8   Section        0  tasks_1.o(.text.xTaskGenericNotifyFromISR)
    [Anonymous Symbol]                       0x08003b78   Section        0  tasks_1.o(.text.xTaskGenericNotifyWait)
    [Anonymous Symbol]                       0x08003ce8   Section        0  tasks_1.o(.text.xTaskGetSchedulerState)
    [Anonymous Symbol]                       0x08003d20   Section        0  tasks_1.o(.text.xTaskIncrementTick)
    [Anonymous Symbol]                       0x08003fa8   Section        0  tasks_1.o(.text.xTaskPriorityInherit)
    [Anonymous Symbol]                       0x08004110   Section        0  tasks_1.o(.text.xTaskRemoveFromEventList)
    [Anonymous Symbol]                       0x080042c0   Section        0  tasks_1.o(.text.xTaskResumeAll)
    $v0                                      0x0800452c   Number         0  fpinit.o(x$fpl$fpinit)
    x$fpl$fpinit                             0x0800452c   Section       26  fpinit.o(x$fpl$fpinit)
    .L.str.1                                 0x08004546   Data           7  main.o(.rodata.str1.1)
    [Anonymous Symbol]                       0x08004546   Section        0  main.o(.rodata.str1.1)
    .L.str                                   0x0800454d   Data          10  main.o(.rodata.str1.1)
    .L.str                                   0x08004557   Data           5  tasks_1.o(.rodata.str1.1)
    [Anonymous Symbol]                       0x08004557   Section        0  tasks_1.o(.rodata.str1.1)
    uxTopUsedPriority                        0x0800455c   Data           4  tasks_1.o(.rodata.uxTopUsedPriority)
    [Anonymous Symbol]                       0x0800455c   Section        0  tasks_1.o(.rodata.uxTopUsedPriority)
    COM_CLK                                  0x20000000   Data           4  gd32f307c_eval.o(.data.COM_CLK)
    [Anonymous Symbol]                       0x20000000   Section        0  gd32f307c_eval.o(.data.COM_CLK)
    COM_GPIO_CLK                             0x20000004   Data           4  gd32f307c_eval.o(.data.COM_GPIO_CLK)
    [Anonymous Symbol]                       0x20000004   Section        0  gd32f307c_eval.o(.data.COM_GPIO_CLK)
    COM_GPIO_PORT                            0x20000008   Data           8  gd32f307c_eval.o(.data.COM_GPIO_PORT)
    [Anonymous Symbol]                       0x20000008   Section        0  gd32f307c_eval.o(.data.COM_GPIO_PORT)
    COM_RX_PIN                               0x20000010   Data           8  gd32f307c_eval.o(.data.COM_RX_PIN)
    [Anonymous Symbol]                       0x20000010   Section        0  gd32f307c_eval.o(.data.COM_RX_PIN)
    COM_TX_PIN                               0x20000018   Data           8  gd32f307c_eval.o(.data.COM_TX_PIN)
    [Anonymous Symbol]                       0x20000018   Section        0  gd32f307c_eval.o(.data.COM_TX_PIN)
    uxCriticalNesting                        0x20000024   Data           4  port.o(.data.uxCriticalNesting)
    [Anonymous Symbol]                       0x20000024   Section        0  port.o(.data.uxCriticalNesting)
    .bss                                     0x20000028   Section       96  libspace.o(.bss)
    __tagsym$$used.1                         0x20000088   Number         0  tasks_1.o(.bss.pxCurrentTCB)
    pxDelayedTaskList                        0x2000008c   Data           4  tasks_1.o(.bss.pxDelayedTaskList)
    [Anonymous Symbol]                       0x2000008c   Section        0  tasks_1.o(.bss.pxDelayedTaskList)
    pxEnd                                    0x20000090   Data           4  heap_4.o(.bss.pxEnd)
    [Anonymous Symbol]                       0x20000090   Section        0  heap_4.o(.bss.pxEnd)
    pxOverflowDelayedTaskList                0x20000094   Data           4  tasks_1.o(.bss.pxOverflowDelayedTaskList)
    [Anonymous Symbol]                       0x20000094   Section        0  tasks_1.o(.bss.pxOverflowDelayedTaskList)
    pxReadyTasksLists                        0x20000098   Data         168  tasks_1.o(.bss.pxReadyTasksLists)
    [Anonymous Symbol]                       0x20000098   Section        0  tasks_1.o(.bss.pxReadyTasksLists)
    ucHeap                                   0x20000344   Data       15360  heap_4.o(.bss.ucHeap)
    [Anonymous Symbol]                       0x20000344   Section        0  heap_4.o(.bss.ucHeap)
    ucMaxSysCallPriority                     0x20003f44   Data           1  port.o(.bss.ucMaxSysCallPriority)
    [Anonymous Symbol]                       0x20003f44   Section        0  port.o(.bss.ucMaxSysCallPriority)
    ulMaxPRIGROUPValue                       0x20003f48   Data           4  port.o(.bss.ulMaxPRIGROUPValue)
    [Anonymous Symbol]                       0x20003f48   Section        0  port.o(.bss.ulMaxPRIGROUPValue)
    uxCurrentNumberOfTasks                   0x20003f4c   Data           4  tasks_1.o(.bss.uxCurrentNumberOfTasks)
    [Anonymous Symbol]                       0x20003f4c   Section        0  tasks_1.o(.bss.uxCurrentNumberOfTasks)
    uxDeletedTasksWaitingCleanUp             0x20003f50   Data           4  tasks_1.o(.bss.uxDeletedTasksWaitingCleanUp)
    [Anonymous Symbol]                       0x20003f50   Section        0  tasks_1.o(.bss.uxDeletedTasksWaitingCleanUp)
    uxSchedulerSuspended                     0x20003f54   Data           4  tasks_1.o(.bss.uxSchedulerSuspended)
    [Anonymous Symbol]                       0x20003f54   Section        0  tasks_1.o(.bss.uxSchedulerSuspended)
    uxTaskNumber                             0x20003f58   Data           4  tasks_1.o(.bss.uxTaskNumber)
    [Anonymous Symbol]                       0x20003f58   Section        0  tasks_1.o(.bss.uxTaskNumber)
    uxTopReadyPriority                       0x20003f5c   Data           4  tasks_1.o(.bss.uxTopReadyPriority)
    [Anonymous Symbol]                       0x20003f5c   Section        0  tasks_1.o(.bss.uxTopReadyPriority)
    xDelayedTaskList1                        0x20003f60   Data          24  tasks_1.o(.bss.xDelayedTaskList1)
    [Anonymous Symbol]                       0x20003f60   Section        0  tasks_1.o(.bss.xDelayedTaskList1)
    xDelayedTaskList2                        0x20003f78   Data          24  tasks_1.o(.bss.xDelayedTaskList2)
    [Anonymous Symbol]                       0x20003f78   Section        0  tasks_1.o(.bss.xDelayedTaskList2)
    xFreeBytesRemaining                      0x20003f90   Data           4  heap_4.o(.bss.xFreeBytesRemaining)
    [Anonymous Symbol]                       0x20003f90   Section        0  heap_4.o(.bss.xFreeBytesRemaining)
    xIdleTaskHandles                         0x20003f94   Data           4  tasks_1.o(.bss.xIdleTaskHandles)
    [Anonymous Symbol]                       0x20003f94   Section        0  tasks_1.o(.bss.xIdleTaskHandles)
    xMinimumEverFreeBytesRemaining           0x20003f98   Data           4  heap_4.o(.bss.xMinimumEverFreeBytesRemaining)
    [Anonymous Symbol]                       0x20003f98   Section        0  heap_4.o(.bss.xMinimumEverFreeBytesRemaining)
    xNextTaskUnblockTime                     0x20003fa0   Data           8  tasks_1.o(.bss.xNextTaskUnblockTime)
    [Anonymous Symbol]                       0x20003fa0   Section        0  tasks_1.o(.bss.xNextTaskUnblockTime)
    xNumOfOverflows                          0x20003fa8   Data           4  tasks_1.o(.bss.xNumOfOverflows)
    [Anonymous Symbol]                       0x20003fa8   Section        0  tasks_1.o(.bss.xNumOfOverflows)
    xNumberOfSuccessfulAllocations           0x20003fac   Data           4  heap_4.o(.bss.xNumberOfSuccessfulAllocations)
    [Anonymous Symbol]                       0x20003fac   Section        0  heap_4.o(.bss.xNumberOfSuccessfulAllocations)
    xNumberOfSuccessfulFrees                 0x20003fb0   Data           4  heap_4.o(.bss.xNumberOfSuccessfulFrees)
    [Anonymous Symbol]                       0x20003fb0   Section        0  heap_4.o(.bss.xNumberOfSuccessfulFrees)
    xPendedTicks                             0x20003fb8   Data           8  tasks_1.o(.bss.xPendedTicks)
    [Anonymous Symbol]                       0x20003fb8   Section        0  tasks_1.o(.bss.xPendedTicks)
    xPendingReadyList                        0x20003fc0   Data          24  tasks_1.o(.bss.xPendingReadyList)
    [Anonymous Symbol]                       0x20003fc0   Section        0  tasks_1.o(.bss.xPendingReadyList)
    xSchedulerRunning                        0x20003fdc   Data           4  tasks_1.o(.bss.xSchedulerRunning)
    [Anonymous Symbol]                       0x20003fdc   Section        0  tasks_1.o(.bss.xSchedulerRunning)
    xStart                                   0x20003fe0   Data           8  heap_4.o(.bss.xStart)
    [Anonymous Symbol]                       0x20003fe0   Section        0  heap_4.o(.bss.xStart)
    xSuspendedTaskList                       0x20003fe8   Data          24  tasks_1.o(.bss.xSuspendedTaskList)
    [Anonymous Symbol]                       0x20003fe8   Section        0  tasks_1.o(.bss.xSuspendedTaskList)
    xTasksWaitingTermination                 0x20004000   Data          24  tasks_1.o(.bss.xTasksWaitingTermination)
    [Anonymous Symbol]                       0x20004000   Section        0  tasks_1.o(.bss.xTasksWaitingTermination)
    xTickCount                               0x20004018   Data           8  tasks_1.o(.bss.xTickCount)
    [Anonymous Symbol]                       0x20004018   Section        0  tasks_1.o(.bss.xTickCount)
    xYieldPendings                           0x20004024   Data           4  tasks_1.o(.bss.xYieldPendings)
    [Anonymous Symbol]                       0x20004024   Section        0  tasks_1.o(.bss.xYieldPendings)
    Heap_Mem                                 0x20004028   Data        1024  startup_gd32f30x_cl.o(HEAP)
    HEAP                                     0x20004028   Section     1024  startup_gd32f30x_cl.o(HEAP)
    Stack_Mem                                0x20004428   Data        1024  startup_gd32f30x_cl.o(STACK)
    STACK                                    0x20004428   Section     1024  startup_gd32f30x_cl.o(STACK)
    __initial_sp                             0x20004828   Data           0  startup_gd32f30x_cl.o(STACK)

    Global Symbols

    Symbol Name                              Value     Ov Type        Size  Object(Section)

    BuildAttributes$$THM_ISAv4$E$P$D$K$B$S$7EM$VFPi3$EXTD16$VFPS$VFMA$PE$A:L22UL41UL21$X:L11$S22US41US21$IEEE1$IW$~IW$USESV6$~STKCKD$USESV7$~SHL$OSPACE$ROPI$EBA8$UX$STANDARDLIB$REQ8$PRES8$EABIv2 0x00000000   Number         0  anon$$obj.o ABSOLUTE
    __ARM_exceptions_init                     - Undefined Weak Reference
    __alloca_initialize                       - Undefined Weak Reference
    __arm_preinit_                            - Undefined Weak Reference
    __arm_relocate_pie_                       - Undefined Weak Reference
    __cpp_initialize__aeabi_                  - Undefined Weak Reference
    __cxa_finalize                            - Undefined Weak Reference
    __rt_locale                               - Undefined Weak Reference
    __sigvec_lookup                           - Undefined Weak Reference
    _atexit_init                              - Undefined Weak Reference
    _call_atexit_fns                          - Undefined Weak Reference
    _clock_init                               - Undefined Weak Reference
    _fp_trap_init                             - Undefined Weak Reference
    _fp_trap_shutdown                         - Undefined Weak Reference
    _get_lc_collate                           - Undefined Weak Reference
    _get_lc_ctype                             - Undefined Weak Reference
    _get_lc_monetary                          - Undefined Weak Reference
    _get_lc_numeric                           - Undefined Weak Reference
    _get_lc_time                              - Undefined Weak Reference
    _getenv_init                              - Undefined Weak Reference
    _handle_redirection                       - Undefined Weak Reference
    _init_alloc                               - Undefined Weak Reference
    _init_user_alloc                          - Undefined Weak Reference
    _initio                                   - Undefined Weak Reference
    _rand_init                                - Undefined Weak Reference
    _signal_finish                            - Undefined Weak Reference
    _signal_init                              - Undefined Weak Reference
    _terminate_alloc                          - Undefined Weak Reference
    _terminate_user_alloc                     - Undefined Weak Reference
    _terminateio                              - Undefined Weak Reference
    __Vectors_Size                           0x00000150   Number         0  startup_gd32f30x_cl.o ABSOLUTE
    __Vectors                                0x08000000   Data           4  startup_gd32f30x_cl.o(RESET)
    __Vectors_End                            0x08000150   Data           0  startup_gd32f30x_cl.o(RESET)
    __main                                   0x08000151   Thumb Code     8  __main.o(!!!main)
    __scatterload                            0x08000159   Thumb Code     0  __scatter.o(!!!scatter)
    __scatterload_rt2                        0x08000159   Thumb Code    44  __scatter.o(!!!scatter)
    __scatterload_rt2_thumb_only             0x08000159   Thumb Code     0  __scatter.o(!!!scatter)
    __scatterload_null                       0x08000167   Thumb Code     0  __scatter.o(!!!scatter)
    __scatterload_copy                       0x0800018d   Thumb Code    26  __scatter_copy.o(!!handler_copy)
    __scatterload_zeroinit                   0x080001a9   Thumb Code    28  __scatter_zi.o(!!handler_zi)
    __rt_lib_init                            0x080001c5   Thumb Code     0  libinit.o(.ARM.Collect$$libinit$$00000000)
    __rt_lib_init_fp_1                       0x080001c7   Thumb Code     0  libinit2.o(.ARM.Collect$$libinit$$00000001)
    __rt_lib_init_alloca_1                   0x080001cb   Thumb Code     0  libinit2.o(.ARM.Collect$$libinit$$00000030)
    __rt_lib_init_argv_1                     0x080001cb   Thumb Code     0  libinit2.o(.ARM.Collect$$libinit$$0000002E)
    __rt_lib_init_atexit_1                   0x080001cb   Thumb Code     0  libinit2.o(.ARM.Collect$$libinit$$0000001D)
    __rt_lib_init_clock_1                    0x080001cb   Thumb Code     0  libinit2.o(.ARM.Collect$$libinit$$00000023)
    __rt_lib_init_cpp_1                      0x080001cb   Thumb Code     0  libinit2.o(.ARM.Collect$$libinit$$00000034)
    __rt_lib_init_exceptions_1               0x080001cb   Thumb Code     0  libinit2.o(.ARM.Collect$$libinit$$00000032)
    __rt_lib_init_fp_trap_1                  0x080001cb   Thumb Code     0  libinit2.o(.ARM.Collect$$libinit$$00000021)
    __rt_lib_init_getenv_1                   0x080001cb   Thumb Code     0  libinit2.o(.ARM.Collect$$libinit$$00000025)
    __rt_lib_init_heap_1                     0x080001cb   Thumb Code     0  libinit2.o(.ARM.Collect$$libinit$$0000000C)
    __rt_lib_init_lc_collate_1               0x080001cb   Thumb Code     0  libinit2.o(.ARM.Collect$$libinit$$00000013)
    __rt_lib_init_lc_ctype_1                 0x080001cb   Thumb Code     0  libinit2.o(.ARM.Collect$$libinit$$00000015)
    __rt_lib_init_lc_monetary_1              0x080001cb   Thumb Code     0  libinit2.o(.ARM.Collect$$libinit$$00000017)
    __rt_lib_init_lc_numeric_1               0x080001cb   Thumb Code     0  libinit2.o(.ARM.Collect$$libinit$$00000019)
    __rt_lib_init_lc_time_1                  0x080001cb   Thumb Code     0  libinit2.o(.ARM.Collect$$libinit$$0000001B)
    __rt_lib_init_preinit_1                  0x080001cb   Thumb Code     0  libinit2.o(.ARM.Collect$$libinit$$00000006)
    __rt_lib_init_rand_1                     0x080001cb   Thumb Code     0  libinit2.o(.ARM.Collect$$libinit$$00000010)
    __rt_lib_init_relocate_pie_1             0x080001cb   Thumb Code     0  libinit2.o(.ARM.Collect$$libinit$$00000004)
    __rt_lib_init_return                     0x080001cb   Thumb Code     0  libinit2.o(.ARM.Collect$$libinit$$00000035)
    __rt_lib_init_signal_1                   0x080001cb   Thumb Code     0  libinit2.o(.ARM.Collect$$libinit$$0000001F)
    __rt_lib_init_stdio_1                    0x080001cb   Thumb Code     0  libinit2.o(.ARM.Collect$$libinit$$00000027)
    __rt_lib_init_user_alloc_1               0x080001cb   Thumb Code     0  libinit2.o(.ARM.Collect$$libinit$$0000000E)
    __rt_lib_shutdown                        0x080001cd   Thumb Code     0  libshutdown.o(.ARM.Collect$$libshutdown$$00000000)
    __rt_lib_shutdown_cpp_1                  0x080001cf   Thumb Code     0  libshutdown2.o(.ARM.Collect$$libshutdown$$00000002)
    __rt_lib_shutdown_fp_trap_1              0x080001cf   Thumb Code     0  libshutdown2.o(.ARM.Collect$$libshutdown$$00000007)
    __rt_lib_shutdown_heap_1                 0x080001cf   Thumb Code     0  libshutdown2.o(.ARM.Collect$$libshutdown$$0000000F)
    __rt_lib_shutdown_return                 0x080001cf   Thumb Code     0  libshutdown2.o(.ARM.Collect$$libshutdown$$00000010)
    __rt_lib_shutdown_signal_1               0x080001cf   Thumb Code     0  libshutdown2.o(.ARM.Collect$$libshutdown$$0000000A)
    __rt_lib_shutdown_stdio_1                0x080001cf   Thumb Code     0  libshutdown2.o(.ARM.Collect$$libshutdown$$00000004)
    __rt_lib_shutdown_user_alloc_1           0x080001cf   Thumb Code     0  libshutdown2.o(.ARM.Collect$$libshutdown$$0000000C)
    __rt_entry                               0x080001d1   Thumb Code     0  __rtentry.o(.ARM.Collect$$rtentry$$00000000)
    __rt_entry_presh_1                       0x080001d1   Thumb Code     0  __rtentry2.o(.ARM.Collect$$rtentry$$00000002)
    __rt_entry_sh                            0x080001d1   Thumb Code     0  __rtentry4.o(.ARM.Collect$$rtentry$$00000004)
    __rt_entry_li                            0x080001d7   Thumb Code     0  __rtentry2.o(.ARM.Collect$$rtentry$$0000000A)
    __rt_entry_postsh_1                      0x080001d7   Thumb Code     0  __rtentry2.o(.ARM.Collect$$rtentry$$00000009)
    __rt_entry_main                          0x080001db   Thumb Code     0  __rtentry2.o(.ARM.Collect$$rtentry$$0000000D)
    __rt_entry_postli_1                      0x080001db   Thumb Code     0  __rtentry2.o(.ARM.Collect$$rtentry$$0000000C)
    __rt_exit                                0x080001e3   Thumb Code     0  rtexit.o(.ARM.Collect$$rtexit$$00000000)
    __rt_exit_ls                             0x080001e5   Thumb Code     0  rtexit2.o(.ARM.Collect$$rtexit$$00000003)
    __rt_exit_prels_1                        0x080001e5   Thumb Code     0  rtexit2.o(.ARM.Collect$$rtexit$$00000002)
    __rt_exit_exit                           0x080001e9   Thumb Code     0  rtexit2.o(.ARM.Collect$$rtexit$$00000004)
    Reset_Handler                            0x080001f1   Thumb Code     8  startup_gd32f30x_cl.o(.text)
    NMI_Handler                              0x080001f9   Thumb Code     2  startup_gd32f30x_cl.o(.text)
    HardFault_Handler                        0x080001fb   Thumb Code     2  startup_gd32f30x_cl.o(.text)
    MemManage_Handler                        0x080001fd   Thumb Code     2  startup_gd32f30x_cl.o(.text)
    BusFault_Handler                         0x080001ff   Thumb Code     2  startup_gd32f30x_cl.o(.text)
    UsageFault_Handler                       0x08000201   Thumb Code     2  startup_gd32f30x_cl.o(.text)
    DebugMon_Handler                         0x08000205   Thumb Code     2  startup_gd32f30x_cl.o(.text)
    ADC0_1_IRQHandler                        0x0800020b   Thumb Code     0  startup_gd32f30x_cl.o(.text)
    CAN0_EWMC_IRQHandler                     0x0800020b   Thumb Code     0  startup_gd32f30x_cl.o(.text)
    CAN0_RX0_IRQHandler                      0x0800020b   Thumb Code     0  startup_gd32f30x_cl.o(.text)
    CAN0_RX1_IRQHandler                      0x0800020b   Thumb Code     0  startup_gd32f30x_cl.o(.text)
    CAN0_TX_IRQHandler                       0x0800020b   Thumb Code     0  startup_gd32f30x_cl.o(.text)
    CAN1_EWMC_IRQHandler                     0x0800020b   Thumb Code     0  startup_gd32f30x_cl.o(.text)
    CAN1_RX0_IRQHandler                      0x0800020b   Thumb Code     0  startup_gd32f30x_cl.o(.text)
    CAN1_RX1_IRQHandler                      0x0800020b   Thumb Code     0  startup_gd32f30x_cl.o(.text)
    CAN1_TX_IRQHandler                       0x0800020b   Thumb Code     0  startup_gd32f30x_cl.o(.text)
    DMA0_Channel0_IRQHandler                 0x0800020b   Thumb Code     0  startup_gd32f30x_cl.o(.text)
    DMA0_Channel1_IRQHandler                 0x0800020b   Thumb Code     0  startup_gd32f30x_cl.o(.text)
    DMA0_Channel2_IRQHandler                 0x0800020b   Thumb Code     0  startup_gd32f30x_cl.o(.text)
    DMA0_Channel4_IRQHandler                 0x0800020b   Thumb Code     0  startup_gd32f30x_cl.o(.text)
    DMA0_Channel5_IRQHandler                 0x0800020b   Thumb Code     0  startup_gd32f30x_cl.o(.text)
    DMA0_Channel6_IRQHandler                 0x0800020b   Thumb Code     0  startup_gd32f30x_cl.o(.text)
    DMA1_Channel0_IRQHandler                 0x0800020b   Thumb Code     0  startup_gd32f30x_cl.o(.text)
    DMA1_Channel1_IRQHandler                 0x0800020b   Thumb Code     0  startup_gd32f30x_cl.o(.text)
    DMA1_Channel2_IRQHandler                 0x0800020b   Thumb Code     0  startup_gd32f30x_cl.o(.text)
    DMA1_Channel3_IRQHandler                 0x0800020b   Thumb Code     0  startup_gd32f30x_cl.o(.text)
    DMA1_Channel4_IRQHandler                 0x0800020b   Thumb Code     0  startup_gd32f30x_cl.o(.text)
    ENET_IRQHandler                          0x0800020b   Thumb Code     0  startup_gd32f30x_cl.o(.text)
    ENET_WKUP_IRQHandler                     0x0800020b   Thumb Code     0  startup_gd32f30x_cl.o(.text)
    EXMC_IRQHandler                          0x0800020b   Thumb Code     0  startup_gd32f30x_cl.o(.text)
    EXTI0_IRQHandler                         0x0800020b   Thumb Code     0  startup_gd32f30x_cl.o(.text)
    EXTI10_15_IRQHandler                     0x0800020b   Thumb Code     0  startup_gd32f30x_cl.o(.text)
    EXTI1_IRQHandler                         0x0800020b   Thumb Code     0  startup_gd32f30x_cl.o(.text)
    EXTI2_IRQHandler                         0x0800020b   Thumb Code     0  startup_gd32f30x_cl.o(.text)
    EXTI3_IRQHandler                         0x0800020b   Thumb Code     0  startup_gd32f30x_cl.o(.text)
    EXTI4_IRQHandler                         0x0800020b   Thumb Code     0  startup_gd32f30x_cl.o(.text)
    EXTI5_9_IRQHandler                       0x0800020b   Thumb Code     0  startup_gd32f30x_cl.o(.text)
    FMC_IRQHandler                           0x0800020b   Thumb Code     0  startup_gd32f30x_cl.o(.text)
    I2C0_ER_IRQHandler                       0x0800020b   Thumb Code     0  startup_gd32f30x_cl.o(.text)
    I2C0_EV_IRQHandler                       0x0800020b   Thumb Code     0  startup_gd32f30x_cl.o(.text)
    I2C1_ER_IRQHandler                       0x0800020b   Thumb Code     0  startup_gd32f30x_cl.o(.text)
    I2C1_EV_IRQHandler                       0x0800020b   Thumb Code     0  startup_gd32f30x_cl.o(.text)
    LVD_IRQHandler                           0x0800020b   Thumb Code     0  startup_gd32f30x_cl.o(.text)
    RCU_CTC_IRQHandler                       0x0800020b   Thumb Code     0  startup_gd32f30x_cl.o(.text)
    RTC_Alarm_IRQHandler                     0x0800020b   Thumb Code     0  startup_gd32f30x_cl.o(.text)
    RTC_IRQHandler                           0x0800020b   Thumb Code     0  startup_gd32f30x_cl.o(.text)
    SPI0_IRQHandler                          0x0800020b   Thumb Code     0  startup_gd32f30x_cl.o(.text)
    SPI1_IRQHandler                          0x0800020b   Thumb Code     0  startup_gd32f30x_cl.o(.text)
    SPI2_IRQHandler                          0x0800020b   Thumb Code     0  startup_gd32f30x_cl.o(.text)
    TAMPER_IRQHandler                        0x0800020b   Thumb Code     0  startup_gd32f30x_cl.o(.text)
    TIMER0_BRK_TIMER8_IRQHandler             0x0800020b   Thumb Code     0  startup_gd32f30x_cl.o(.text)
    TIMER0_Channel_IRQHandler                0x0800020b   Thumb Code     0  startup_gd32f30x_cl.o(.text)
    TIMER0_TRG_CMT_TIMER10_IRQHandler        0x0800020b   Thumb Code     0  startup_gd32f30x_cl.o(.text)
    TIMER0_UP_TIMER9_IRQHandler              0x0800020b   Thumb Code     0  startup_gd32f30x_cl.o(.text)
    TIMER1_IRQHandler                        0x0800020b   Thumb Code     0  startup_gd32f30x_cl.o(.text)
    TIMER2_IRQHandler                        0x0800020b   Thumb Code     0  startup_gd32f30x_cl.o(.text)
    TIMER3_IRQHandler                        0x0800020b   Thumb Code     0  startup_gd32f30x_cl.o(.text)
    TIMER4_IRQHandler                        0x0800020b   Thumb Code     0  startup_gd32f30x_cl.o(.text)
    TIMER5_IRQHandler                        0x0800020b   Thumb Code     0  startup_gd32f30x_cl.o(.text)
    TIMER6_IRQHandler                        0x0800020b   Thumb Code     0  startup_gd32f30x_cl.o(.text)
    TIMER7_BRK_TIMER11_IRQHandler            0x0800020b   Thumb Code     0  startup_gd32f30x_cl.o(.text)
    TIMER7_Channel_IRQHandler                0x0800020b   Thumb Code     0  startup_gd32f30x_cl.o(.text)
    TIMER7_TRG_CMT_TIMER13_IRQHandler        0x0800020b   Thumb Code     0  startup_gd32f30x_cl.o(.text)
    TIMER7_UP_TIMER12_IRQHandler             0x0800020b   Thumb Code     0  startup_gd32f30x_cl.o(.text)
    UART3_IRQHandler                         0x0800020b   Thumb Code     0  startup_gd32f30x_cl.o(.text)
    UART4_IRQHandler                         0x0800020b   Thumb Code     0  startup_gd32f30x_cl.o(.text)
    USART1_IRQHandler                        0x0800020b   Thumb Code     0  startup_gd32f30x_cl.o(.text)
    USART2_IRQHandler                        0x0800020b   Thumb Code     0  startup_gd32f30x_cl.o(.text)
    USBFS_IRQHandler                         0x0800020b   Thumb Code     0  startup_gd32f30x_cl.o(.text)
    USBFS_WKUP_IRQHandler                    0x0800020b   Thumb Code     0  startup_gd32f30x_cl.o(.text)
    WWDGT_IRQHandler                         0x0800020b   Thumb Code     0  startup_gd32f30x_cl.o(.text)
    __user_initial_stackheap                 0x0800020d   Thumb Code    10  startup_gd32f30x_cl.o(.text)
    __aeabi_uldivmod                         0x08000231   Thumb Code     0  lludivv7m.o(.text)
    _ll_udiv                                 0x08000231   Thumb Code   240  lludivv7m.o(.text)
    __aeabi_memset4                          0x08000321   Thumb Code    16  aeabi_memset4.o(.text)
    __aeabi_memset8                          0x08000321   Thumb Code     0  aeabi_memset4.o(.text)
    __aeabi_memclr                           0x08000331   Thumb Code     0  rt_memclr.o(.text)
    __rt_memclr                              0x08000331   Thumb Code     0  rt_memclr.o(.text)
    _memset                                  0x08000335   Thumb Code    64  rt_memclr.o(.text)
    __use_two_region_memory                  0x08000375   Thumb Code     2  heapauxi.o(.text)
    __rt_heap_escrow$2region                 0x08000377   Thumb Code     2  heapauxi.o(.text)
    __rt_heap_expand$2region                 0x08000379   Thumb Code     2  heapauxi.o(.text)
    __aeabi_memclr4                          0x0800037b   Thumb Code     0  rt_memclr_w.o(.text)
    __aeabi_memclr8                          0x0800037b   Thumb Code     0  rt_memclr_w.o(.text)
    __rt_memclr_w                            0x0800037b   Thumb Code     0  rt_memclr_w.o(.text)
    _memset_w                                0x0800037f   Thumb Code    74  rt_memclr_w.o(.text)
    __user_setup_stackheap                   0x080003c9   Thumb Code    74  sys_stackheap_outer.o(.text)
    exit                                     0x08000413   Thumb Code    18  exit.o(.text)
    __user_libspace                          0x08000425   Thumb Code     8  libspace.o(.text)
    __user_perproc_libspace                  0x08000425   Thumb Code     0  libspace.o(.text)
    __user_perthread_libspace                0x08000425   Thumb Code     0  libspace.o(.text)
    _sys_exit                                0x0800042d   Thumb Code     8  sys_exit.o(.text)
    __I$use$semihosting                      0x08000439   Thumb Code     0  use_no_semi.o(.text)
    __use_no_semihosting_swi                 0x08000439   Thumb Code     2  use_no_semi.o(.text)
    __semihosting_library_function           0x0800043b   Thumb Code     0  indicate_semi.o(.text)
    DMA0_Channel3_IRQHandler                 0x0800043d   Thumb Code    98  irqs.o(.text.DMA0_Channel3_IRQHandler)
    PendSV_Handler                           0x080004a1   Thumb Code    96  port.o(.text.PendSV_Handler)
    SVC_Handler                              0x08000501   Thumb Code    32  port.o(.text.SVC_Handler)
    SysTick_Handler                          0x08000521   Thumb Code    62  port.o(.text.SysTick_Handler)
    SystemInit                               0x08000561   Thumb Code   162  system_gd32f30x.o(.text.SystemInit)
    USART0_IRQHandler                        0x08000605   Thumb Code   128  irqs.o(.text.USART0_IRQHandler)
    dma_channel_disable                      0x08000685   Thumb Code    54  gd32f30x_dma.o(.text.dma_channel_disable)
    dma_channel_enable                       0x080006bd   Thumb Code    54  gd32f30x_dma.o(.text.dma_channel_enable)
    dma_circulation_disable                  0x080006f5   Thumb Code    54  gd32f30x_dma.o(.text.dma_circulation_disable)
    dma_circulation_enable                   0x0800072d   Thumb Code    54  gd32f30x_dma.o(.text.dma_circulation_enable)
    dma_deinit                               0x08000765   Thumb Code   140  gd32f30x_dma.o(.text.dma_deinit)
    dma_flag_clear                           0x080007f1   Thumb Code    34  gd32f30x_dma.o(.text.dma_flag_clear)
    dma_for_usart0_config                    0x08000815   Thumb Code   210  cfg.o(.text.dma_for_usart0_config)
    dma_init                                 0x080008e9   Thumb Code   328  gd32f30x_dma.o(.text.dma_init)
    dma_interrupt_enable                     0x08000a31   Thumb Code    56  gd32f30x_dma.o(.text.dma_interrupt_enable)
    dma_interrupt_flag_clear                 0x08000a69   Thumb Code    34  gd32f30x_dma.o(.text.dma_interrupt_flag_clear)
    dma_interrupt_flag_get                   0x08000a8d   Thumb Code   208  gd32f30x_dma.o(.text.dma_interrupt_flag_get)
    dma_memory_address_config                0x08000b5d   Thumb Code    52  gd32f30x_dma.o(.text.dma_memory_address_config)
    dma_memory_to_memory_disable             0x08000b91   Thumb Code    54  gd32f30x_dma.o(.text.dma_memory_to_memory_disable)
    dma_transfer_number_config               0x08000c05   Thumb Code    54  gd32f30x_dma.o(.text.dma_transfer_number_config)
    dma_transfer_number_get                  0x08000c3d   Thumb Code    48  gd32f30x_dma.o(.text.dma_transfer_number_get)
    gd_eval_com_init                         0x08000c6d   Thumb Code   202  gd32f307c_eval.o(.text.gd_eval_com_init)
    gpio_bit_reset                           0x08000d39   Thumb Code    16  gd32f30x_gpio.o(.text.gpio_bit_reset)
    gpio_bit_set                             0x08000d49   Thumb Code    16  gd32f30x_gpio.o(.text.gpio_bit_set)
    gpio_init                                0x08000d59   Thumb Code   388  gd32f30x_gpio.o(.text.gpio_init)
    leds_config                              0x08000edd   Thumb Code   114  cfg.o(.text.leds_config)
    main                                     0x08000f51   Thumb Code   142  main.o(.text.main)
    nvic_irq_enable                          0x08000fe1   Thumb Code   298  gd32f30x_misc.o(.text.nvic_irq_enable)
    nvic_priorities                          0x0800110d   Thumb Code    38  irqs.o(.text.nvic_priorities)
    nvic_priority_group_set                  0x08001135   Thumb Code    28  gd32f30x_misc.o(.text.nvic_priority_group_set)
    pvPortMalloc                             0x08001b81   Thumb Code   780  heap_4.o(.text.pvPortMalloc)
    pvTaskIncrementMutexHeldCount            0x08001e8d   Thumb Code    36  tasks_1.o(.text.pvTaskIncrementMutexHeldCount)
    pxPortInitialiseStack                    0x08001eb1   Thumb Code    94  port.o(.text.pxPortInitialiseStack)
    rcu_clock_freq_get                       0x08001f11   Thumb Code   602  gd32f30x_rcu.o(.text.rcu_clock_freq_get)
    rcu_config                               0x0800216d   Thumb Code    20  cfg.o(.text.rcu_config)
    rcu_periph_clock_enable                  0x08002181   Thumb Code    40  gd32f30x_rcu.o(.text.rcu_periph_clock_enable)
    rcu_periph_reset_disable                 0x080021a9   Thumb Code    40  gd32f30x_rcu.o(.text.rcu_periph_reset_disable)
    rcu_periph_reset_enable                  0x080021d1   Thumb Code    40  gd32f30x_rcu.o(.text.rcu_periph_reset_enable)
    reset_IDLE                               0x080021f9   Thumb Code    18  utils.o(.text.reset_IDLE)
    usart_baudrate_set                       0x080023c5   Thumb Code   202  gd32f30x_usart.o(.text.usart_baudrate_set)
    usart_config                             0x08002491   Thumb Code    32  cfg.o(.text.usart_config)
    usart_deinit                             0x080024b1   Thumb Code   184  gd32f30x_usart.o(.text.usart_deinit)
    usart_dma_receive_config                 0x08002569   Thumb Code    42  gd32f30x_usart.o(.text.usart_dma_receive_config)
    usart_dma_transmit_config                0x08002595   Thumb Code    42  gd32f30x_usart.o(.text.usart_dma_transmit_config)
    usart_enable                             0x080025c1   Thumb Code    18  gd32f30x_usart.o(.text.usart_enable)
    usart_interrupt_enable                   0x080025d5   Thumb Code    36  gd32f30x_usart.o(.text.usart_interrupt_enable)
    usart_interrupt_flag_get                 0x080025f9   Thumb Code    94  gd32f30x_usart.o(.text.usart_interrupt_flag_get)
    usart_receive_config                     0x08002659   Thumb Code    42  gd32f30x_usart.o(.text.usart_receive_config)
    usart_transmit_config                    0x08002685   Thumb Code    42  gd32f30x_usart.o(.text.usart_transmit_config)
    uxListRemove                             0x080026b1   Thumb Code    72  list.o(.text.uxListRemove)
    uxTaskGetNumberOfTasks                   0x080026f9   Thumb Code    12  tasks_1.o(.text.uxTaskGetNumberOfTasks)
    vListInitialise                          0x08002705   Thumb Code    48  list.o(.text.vListInitialise)
    vListInitialiseItem                      0x08002735   Thumb Code    14  list.o(.text.vListInitialiseItem)
    vListInsert                              0x08002745   Thumb Code   120  list.o(.text.vListInsert)
    vPortEnterCritical                       0x080027d1   Thumb Code    86  port.o(.text.vPortEnterCritical)
    vPortExitCritical                        0x08002829   Thumb Code    74  port.o(.text.vPortExitCritical)
    vPortFree                                0x08002875   Thumb Code   292  heap_4.o(.text.vPortFree)
    vPortSetupTimerInterrupt                 0x08002999   Thumb Code    70  port.o(.text.vPortSetupTimerInterrupt)
    vPortValidateInterruptPriority           0x080029e1   Thumb Code   132  port.o(.text.vPortValidateInterruptPriority)
    vTaskBlink                               0x08002a65   Thumb Code   134  my_tasks.o(.text.vTaskBlink)
    vTaskDelay                               0x08002aed   Thumb Code   120  tasks_1.o(.text.vTaskDelay)
    vTaskInternalSetTimeOutState             0x08002b65   Thumb Code    40  tasks_1.o(.text.vTaskInternalSetTimeOutState)
    vTaskMissedYield                         0x08002b8d   Thumb Code    14  tasks_1.o(.text.vTaskMissedYield)
    vTaskPlaceOnEventList                    0x08002b9d   Thumb Code    70  tasks_1.o(.text.vTaskPlaceOnEventList)
    vTaskPriorityDisinheritAfterTimeout      0x08002be5   Thumb Code   398  tasks_1.o(.text.vTaskPriorityDisinheritAfterTimeout)
    vTaskRW                                  0x08002d75   Thumb Code   354  my_tasks.o(.text.vTaskRW)
    vTaskStartScheduler                      0x08002ed9   Thumb Code   130  tasks_1.o(.text.vTaskStartScheduler)
    vTaskSuspendAll                          0x08002f5d   Thumb Code    16  tasks_1.o(.text.vTaskSuspendAll)
    vTaskSwitchContext                       0x08002f6d   Thumb Code   214  tasks_1.o(.text.vTaskSwitchContext)
    xPortStartScheduler                      0x08003045   Thumb Code   500  port.o(.text.xPortStartScheduler)
    xQueueGenericCreate                      0x08003239   Thumb Code   154  queue.o(.text.xQueueGenericCreate)
    xQueueGenericReset                       0x080032d5   Thumb Code   264  queue.o(.text.xQueueGenericReset)
    xQueueGiveFromISR                        0x080033dd   Thumb Code   364  queue.o(.text.xQueueGiveFromISR)
    xQueueSemaphoreTake                      0x08003549   Thumb Code   540  queue.o(.text.xQueueSemaphoreTake)
    xTaskCheckForTimeOut                     0x08003765   Thumb Code   254  tasks_1.o(.text.xTaskCheckForTimeOut)
    xTaskCreate                              0x08003865   Thumb Code    82  tasks_1.o(.text.xTaskCreate)
    xTaskGenericNotifyFromISR                0x080038b9   Thumb Code   704  tasks_1.o(.text.xTaskGenericNotifyFromISR)
    xTaskGenericNotifyWait                   0x08003b79   Thumb Code   368  tasks_1.o(.text.xTaskGenericNotifyWait)
    xTaskGetSchedulerState                   0x08003ce9   Thumb Code    56  tasks_1.o(.text.xTaskGetSchedulerState)
    xTaskIncrementTick                       0x08003d21   Thumb Code   648  tasks_1.o(.text.xTaskIncrementTick)
    xTaskPriorityInherit                     0x08003fa9   Thumb Code   360  tasks_1.o(.text.xTaskPriorityInherit)
    xTaskRemoveFromEventList                 0x08004111   Thumb Code   432  tasks_1.o(.text.xTaskRemoveFromEventList)
    xTaskResumeAll                           0x080042c1   Thumb Code   620  tasks_1.o(.text.xTaskResumeAll)
    _fp_init                                 0x0800452d   Thumb Code    26  fpinit.o(x$fpl$fpinit)
    __fplib_config_fpu_vfp                   0x08004545   Thumb Code     0  fpinit.o(x$fpl$fpinit)
    __fplib_config_pureend_doubles           0x08004545   Thumb Code     0  fpinit.o(x$fpl$fpinit)
    Region$$Table$$Base                      0x08004560   Number         0  anon$$obj.o(Region$$Table)
    Region$$Table$$Limit                     0x08004580   Number         0  anon$$obj.o(Region$$Table)
    SystemCoreClock                          0x20000020   Data           4  system_gd32f30x.o(.data.SystemCoreClock)
    __libspace_start                         0x20000028   Data          96  libspace.o(.bss)
    __temporary_stack_top$libspace           0x20000088   Data           0  libspace.o(.bss)
    pxCurrentTCB                             0x20000088   Data           4  tasks_1.o(.bss.pxCurrentTCB)
    rx_buf                                   0x20000140   Data         260  my_tasks.o(.bss.rx_buf)
    tx_buf                                   0x20000244   Data         256  my_tasks.o(.bss.tx_buf)
    xRxTaskHandle                            0x20003fd8   Data           4  main.o(.bss.xRxTaskHandle)
    xTxSemaphore                             0x20004020   Data           4  main.o(.bss.xTxSemaphore)



==============================================================================

Memory Map of the image

  Image Entry point : 0x08000151

  Load Region LR_IROM1 (Base: 0x08000000, Size: 0x000045a8, Max: 0x00100000, ABSOLUTE)

    Execution Region ER_IROM1 (Exec base: 0x08000000, Load base: 0x08000000, Size: 0x00004580, Max: 0x00100000, ABSOLUTE)

    Exec Addr    Load Addr    Size         Type   Attr      Idx    E Section Name        Object

    0x08000000   0x08000000   0x00000150   Data   RO          752    RESET               startup_gd32f30x_cl.o
    0x08000150   0x08000150   0x00000008   Code   RO         1804  * !!!main             c_w.l(__main.o)
    0x08000158   0x08000158   0x00000034   Code   RO         1983    !!!scatter          c_w.l(__scatter.o)
    0x0800018c   0x0800018c   0x0000001a   Code   RO         1985    !!handler_copy      c_w.l(__scatter_copy.o)
    0x080001a6   0x080001a6   0x00000002   PAD
    0x080001a8   0x080001a8   0x0000001c   Code   RO         1987    !!handler_zi        c_w.l(__scatter_zi.o)
    0x080001c4   0x080001c4   0x00000002   Code   RO         1845    .ARM.Collect$$libinit$$00000000  c_w.l(libinit.o)
    0x080001c6   0x080001c6   0x00000004   Code   RO         1857    .ARM.Collect$$libinit$$00000001  c_w.l(libinit2.o)
    0x080001ca   0x080001ca   0x00000000   Code   RO         1860    .ARM.Collect$$libinit$$00000004  c_w.l(libinit2.o)
    0x080001ca   0x080001ca   0x00000000   Code   RO         1862    .ARM.Collect$$libinit$$00000006  c_w.l(libinit2.o)
    0x080001ca   0x080001ca   0x00000000   Code   RO         1865    .ARM.Collect$$libinit$$0000000C  c_w.l(libinit2.o)
    0x080001ca   0x080001ca   0x00000000   Code   RO         1867    .ARM.Collect$$libinit$$0000000E  c_w.l(libinit2.o)
    0x080001ca   0x080001ca   0x00000000   Code   RO         1869    .ARM.Collect$$libinit$$00000010  c_w.l(libinit2.o)
    0x080001ca   0x080001ca   0x00000000   Code   RO         1872    .ARM.Collect$$libinit$$00000013  c_w.l(libinit2.o)
    0x080001ca   0x080001ca   0x00000000   Code   RO         1874    .ARM.Collect$$libinit$$00000015  c_w.l(libinit2.o)
    0x080001ca   0x080001ca   0x00000000   Code   RO         1876    .ARM.Collect$$libinit$$00000017  c_w.l(libinit2.o)
    0x080001ca   0x080001ca   0x00000000   Code   RO         1878    .ARM.Collect$$libinit$$00000019  c_w.l(libinit2.o)
    0x080001ca   0x080001ca   0x00000000   Code   RO         1880    .ARM.Collect$$libinit$$0000001B  c_w.l(libinit2.o)
    0x080001ca   0x080001ca   0x00000000   Code   RO         1882    .ARM.Collect$$libinit$$0000001D  c_w.l(libinit2.o)
    0x080001ca   0x080001ca   0x00000000   Code   RO         1884    .ARM.Collect$$libinit$$0000001F  c_w.l(libinit2.o)
    0x080001ca   0x080001ca   0x00000000   Code   RO         1886    .ARM.Collect$$libinit$$00000021  c_w.l(libinit2.o)
    0x080001ca   0x080001ca   0x00000000   Code   RO         1888    .ARM.Collect$$libinit$$00000023  c_w.l(libinit2.o)
    0x080001ca   0x080001ca   0x00000000   Code   RO         1890    .ARM.Collect$$libinit$$00000025  c_w.l(libinit2.o)
    0x080001ca   0x080001ca   0x00000000   Code   RO         1892    .ARM.Collect$$libinit$$00000027  c_w.l(libinit2.o)
    0x080001ca   0x080001ca   0x00000000   Code   RO         1896    .ARM.Collect$$libinit$$0000002E  c_w.l(libinit2.o)
    0x080001ca   0x080001ca   0x00000000   Code   RO         1898    .ARM.Collect$$libinit$$00000030  c_w.l(libinit2.o)
    0x080001ca   0x080001ca   0x00000000   Code   RO         1900    .ARM.Collect$$libinit$$00000032  c_w.l(libinit2.o)
    0x080001ca   0x080001ca   0x00000000   Code   RO         1902    .ARM.Collect$$libinit$$00000034  c_w.l(libinit2.o)
    0x080001ca   0x080001ca   0x00000002   Code   RO         1903    .ARM.Collect$$libinit$$00000035  c_w.l(libinit2.o)
    0x080001cc   0x080001cc   0x00000002   Code   RO         1938    .ARM.Collect$$libshutdown$$00000000  c_w.l(libshutdown.o)
    0x080001ce   0x080001ce   0x00000000   Code   RO         1966    .ARM.Collect$$libshutdown$$00000002  c_w.l(libshutdown2.o)
    0x080001ce   0x080001ce   0x00000000   Code   RO         1968    .ARM.Collect$$libshutdown$$00000004  c_w.l(libshutdown2.o)
    0x080001ce   0x080001ce   0x00000000   Code   RO         1971    .ARM.Collect$$libshutdown$$00000007  c_w.l(libshutdown2.o)
    0x080001ce   0x080001ce   0x00000000   Code   RO         1974    .ARM.Collect$$libshutdown$$0000000A  c_w.l(libshutdown2.o)
    0x080001ce   0x080001ce   0x00000000   Code   RO         1976    .ARM.Collect$$libshutdown$$0000000C  c_w.l(libshutdown2.o)
    0x080001ce   0x080001ce   0x00000000   Code   RO         1979    .ARM.Collect$$libshutdown$$0000000F  c_w.l(libshutdown2.o)
    0x080001ce   0x080001ce   0x00000002   Code   RO         1980    .ARM.Collect$$libshutdown$$00000010  c_w.l(libshutdown2.o)
    0x080001d0   0x080001d0   0x00000000   Code   RO         1806    .ARM.Collect$$rtentry$$00000000  c_w.l(__rtentry.o)
    0x080001d0   0x080001d0   0x00000000   Code   RO         1816    .ARM.Collect$$rtentry$$00000002  c_w.l(__rtentry2.o)
    0x080001d0   0x080001d0   0x00000006   Code   RO         1828    .ARM.Collect$$rtentry$$00000004  c_w.l(__rtentry4.o)
    0x080001d6   0x080001d6   0x00000000   Code   RO         1818    .ARM.Collect$$rtentry$$00000009  c_w.l(__rtentry2.o)
    0x080001d6   0x080001d6   0x00000004   Code   RO         1819    .ARM.Collect$$rtentry$$0000000A  c_w.l(__rtentry2.o)
    0x080001da   0x080001da   0x00000000   Code   RO         1821    .ARM.Collect$$rtentry$$0000000C  c_w.l(__rtentry2.o)
    0x080001da   0x080001da   0x00000008   Code   RO         1822    .ARM.Collect$$rtentry$$0000000D  c_w.l(__rtentry2.o)
    0x080001e2   0x080001e2   0x00000002   Code   RO         1849    .ARM.Collect$$rtexit$$00000000  c_w.l(rtexit.o)
    0x080001e4   0x080001e4   0x00000000   Code   RO         1909    .ARM.Collect$$rtexit$$00000002  c_w.l(rtexit2.o)
    0x080001e4   0x080001e4   0x00000004   Code   RO         1910    .ARM.Collect$$rtexit$$00000003  c_w.l(rtexit2.o)
    0x080001e8   0x080001e8   0x00000006   Code   RO         1911    .ARM.Collect$$rtexit$$00000004  c_w.l(rtexit2.o)
    0x080001ee   0x080001ee   0x00000002   PAD
    0x080001f0   0x080001f0   0x00000040   Code   RO          753    .text               startup_gd32f30x_cl.o
    0x08000230   0x08000230   0x000000f0   Code   RO         1794    .text               c_w.l(lludivv7m.o)
    0x08000320   0x08000320   0x00000010   Code   RO         1798    .text               c_w.l(aeabi_memset4.o)
    0x08000330   0x08000330   0x00000044   Code   RO         1800    .text               c_w.l(rt_memclr.o)
    0x08000374   0x08000374   0x00000006   Code   RO         1802    .text               c_w.l(heapauxi.o)
    0x0800037a   0x0800037a   0x0000004e   Code   RO         1813    .text               c_w.l(rt_memclr_w.o)
    0x080003c8   0x080003c8   0x0000004a   Code   RO         1832    .text               c_w.l(sys_stackheap_outer.o)
    0x08000412   0x08000412   0x00000012   Code   RO         1834    .text               c_w.l(exit.o)
    0x08000424   0x08000424   0x00000008   Code   RO         1846    .text               c_w.l(libspace.o)
    0x0800042c   0x0800042c   0x0000000c   Code   RO         1904    .text               c_w.l(sys_exit.o)
    0x08000438   0x08000438   0x00000002   Code   RO         1927    .text               c_w.l(use_no_semi.o)
    0x0800043a   0x0800043a   0x00000000   Code   RO         1929    .text               c_w.l(indicate_semi.o)
    0x0800043a   0x0800043a   0x00000002   PAD
    0x0800043c   0x0800043c   0x00000062   Code   RO           46    .text.DMA0_Channel3_IRQHandler  irqs.o
    0x0800049e   0x0800049e   0x00000002   PAD
    0x080004a0   0x080004a0   0x00000060   Code   RO         1488    .text.PendSV_Handler  port.o
    0x08000500   0x08000500   0x00000020   Code   RO         1484    .text.SVC_Handler   port.o
    0x08000520   0x08000520   0x0000003e   Code   RO         1502    .text.SysTick_Handler  port.o
    0x0800055e   0x0800055e   0x00000002   PAD
    0x08000560   0x08000560   0x000000a2   Code   RO          760    .text.SystemInit    system_gd32f30x.o
    0x08000602   0x08000602   0x00000002   PAD
    0x08000604   0x08000604   0x00000080   Code   RO           48    .text.USART0_IRQHandler  irqs.o
    0x08000684   0x08000684   0x00000036   Code   RO          119    .text.dma_channel_disable  gd32f30x_dma.o
    0x080006ba   0x080006ba   0x00000002   PAD
    0x080006bc   0x080006bc   0x00000036   Code   RO          117    .text.dma_channel_enable  gd32f30x_dma.o
    0x080006f2   0x080006f2   0x00000002   PAD
    0x080006f4   0x080006f4   0x00000036   Code   RO          111    .text.dma_circulation_disable  gd32f30x_dma.o
    0x0800072a   0x0800072a   0x00000002   PAD
    0x0800072c   0x0800072c   0x00000036   Code   RO          109    .text.dma_circulation_enable  gd32f30x_dma.o
    0x08000762   0x08000762   0x00000002   PAD
    0x08000764   0x08000764   0x0000008c   Code   RO          101    .text.dma_deinit    gd32f30x_dma.o
    0x080007f0   0x080007f0   0x00000022   Code   RO          147    .text.dma_flag_clear  gd32f30x_dma.o
    0x08000812   0x08000812   0x00000002   PAD
    0x08000814   0x08000814   0x000000d2   Code   RO           20    .text.dma_for_usart0_config  cfg.o
    0x080008e6   0x080008e6   0x00000002   PAD
    0x080008e8   0x080008e8   0x00000148   Code   RO          107    .text.dma_init      gd32f30x_dma.o
    0x08000a30   0x08000a30   0x00000038   Code   RO          153    .text.dma_interrupt_enable  gd32f30x_dma.o
    0x08000a68   0x08000a68   0x00000022   Code   RO          151    .text.dma_interrupt_flag_clear  gd32f30x_dma.o
    0x08000a8a   0x08000a8a   0x00000002   PAD
    0x08000a8c   0x08000a8c   0x000000d0   Code   RO          149    .text.dma_interrupt_flag_get  gd32f30x_dma.o
    0x08000b5c   0x08000b5c   0x00000034   Code   RO          123    .text.dma_memory_address_config  gd32f30x_dma.o
    0x08000b90   0x08000b90   0x00000036   Code   RO          115    .text.dma_memory_to_memory_disable  gd32f30x_dma.o
    0x08000bc6   0x08000bc6   0x00000002   PAD
    0x08000bc8   0x08000bc8   0x0000003a   Code   RO          103    .text.dma_periph_and_channel_check  gd32f30x_dma.o
    0x08000c02   0x08000c02   0x00000002   PAD
    0x08000c04   0x08000c04   0x00000036   Code   RO          125    .text.dma_transfer_number_config  gd32f30x_dma.o
    0x08000c3a   0x08000c3a   0x00000002   PAD
    0x08000c3c   0x08000c3c   0x00000030   Code   RO          127    .text.dma_transfer_number_get  gd32f30x_dma.o
    0x08000c6c   0x08000c6c   0x000000ca   Code   RO           77    .text.gd_eval_com_init  gd32f307c_eval.o
    0x08000d36   0x08000d36   0x00000002   PAD
    0x08000d38   0x08000d38   0x00000010   Code   RO          203    .text.gpio_bit_reset  gd32f30x_gpio.o
    0x08000d48   0x08000d48   0x00000010   Code   RO          201    .text.gpio_bit_set  gd32f30x_gpio.o
    0x08000d58   0x08000d58   0x00000184   Code   RO          199    .text.gpio_init     gd32f30x_gpio.o
    0x08000edc   0x08000edc   0x00000072   Code   RO           16    .text.leds_config   cfg.o
    0x08000f4e   0x08000f4e   0x00000002   PAD
    0x08000f50   0x08000f50   0x0000008e   Code   RO            2    .text.main          main.o
    0x08000fde   0x08000fde   0x00000002   PAD
    0x08000fe0   0x08000fe0   0x0000012a   Code   RO          244    .text.nvic_irq_enable  gd32f30x_misc.o
    0x0800110a   0x0800110a   0x00000002   PAD
    0x0800110c   0x0800110c   0x00000026   Code   RO           44    .text.nvic_priorities  irqs.o
    0x08001132   0x08001132   0x00000002   PAD
    0x08001134   0x08001134   0x0000001c   Code   RO          242    .text.nvic_priority_group_set  gd32f30x_misc.o
    0x08001150   0x08001150   0x0000012c   Code   RO         1648    .text.prvAddCurrentTaskToDelayedList  tasks_1.o
    0x0800127c   0x0800127c   0x00000170   Code   RO         1636    .text.prvAddNewTaskToReadyList  tasks_1.o
    0x080013ec   0x080013ec   0x0000005a   Code   RO         1682    .text.prvCheckTasksWaitingTermination  tasks_1.o
    0x08001446   0x08001446   0x00000002   PAD
    0x08001448   0x08001448   0x000000a2   Code   RO         1678    .text.prvCreateIdleTasks  tasks_1.o
    0x080014ea   0x080014ea   0x00000002   PAD
    0x080014ec   0x080014ec   0x00000088   Code   RO         1634    .text.prvCreateTask  tasks_1.o
    0x08001574   0x08001574   0x00000018   Code   RO         1642    .text.prvDeleteTCB  tasks_1.o
    0x0800158c   0x0800158c   0x00000026   Code   RO         1588    .text.prvGetHighestPriorityOfWaitToReceiveList  queue.o
    0x080015b2   0x080015b2   0x00000002   PAD
    0x080015b4   0x080015b4   0x000000aa   Code   RO         1518    .text.prvHeapInit   heap_4.o
    0x0800165e   0x0800165e   0x00000002   PAD
    0x08001660   0x08001660   0x00000038   Code   RO         1760    .text.prvIdleTask   tasks_1.o
    0x08001698   0x08001698   0x00000048   Code   RO         1556    .text.prvInitialiseNewQueue  queue.o
    0x080016e0   0x080016e0   0x00000156   Code   RO         1756    .text.prvInitialiseNewTask  tasks_1.o
    0x08001836   0x08001836   0x00000002   PAD
    0x08001838   0x08001838   0x0000008e   Code   RO         1758    .text.prvInitialiseTaskLists  tasks_1.o
    0x080018c6   0x080018c6   0x00000002   PAD
    0x080018c8   0x080018c8   0x00000126   Code   RO         1522    .text.prvInsertBlockIntoFreeList  heap_4.o
    0x080019ee   0x080019ee   0x00000002   PAD
    0x080019f0   0x080019f0   0x00000028   Code   RO         1586    .text.prvIsQueueEmpty  queue.o
    0x08001a18   0x08001a18   0x00000028   Code   RO         1494    .text.prvPortStartFirstTask  port.o
    0x08001a40   0x08001a40   0x00000042   Code   RO         1640    .text.prvResetNextTaskUnblockTime  tasks_1.o
    0x08001a82   0x08001a82   0x00000002   PAD
    0x08001a84   0x08001a84   0x0000004c   Code   RO         1482    .text.prvTaskExitError  port.o
    0x08001ad0   0x08001ad0   0x000000ae   Code   RO         1576    .text.prvUnlockQueue  queue.o
    0x08001b7e   0x08001b7e   0x00000002   PAD
    0x08001b80   0x08001b80   0x0000030c   Code   RO         1516    .text.pvPortMalloc  heap_4.o
    0x08001e8c   0x08001e8c   0x00000024   Code   RO         1738    .text.pvTaskIncrementMutexHeldCount  tasks_1.o
    0x08001eb0   0x08001eb0   0x0000005e   Code   RO         1480    .text.pxPortInitialiseStack  port.o
    0x08001f0e   0x08001f0e   0x00000002   PAD
    0x08001f10   0x08001f10   0x0000025a   Code   RO          397    .text.rcu_clock_freq_get  gd32f30x_rcu.o
    0x0800216a   0x0800216a   0x00000002   PAD
    0x0800216c   0x0800216c   0x00000014   Code   RO           14    .text.rcu_config    cfg.o
    0x08002180   0x08002180   0x00000028   Code   RO          315    .text.rcu_periph_clock_enable  gd32f30x_rcu.o
    0x080021a8   0x080021a8   0x00000028   Code   RO          325    .text.rcu_periph_reset_disable  gd32f30x_rcu.o
    0x080021d0   0x080021d0   0x00000028   Code   RO          323    .text.rcu_periph_reset_enable  gd32f30x_rcu.o
    0x080021f8   0x080021f8   0x00000012   Code   RO           57    .text.reset_IDLE    utils.o
    0x0800220a   0x0800220a   0x00000002   PAD
    0x0800220c   0x0800220c   0x000001ae   Code   RO          766    .text.system_clock_120m_hxtal  system_gd32f30x.o
    0x080023ba   0x080023ba   0x00000002   PAD
    0x080023bc   0x080023bc   0x00000008   Code   RO          762    .text.system_clock_config  system_gd32f30x.o
    0x080023c4   0x080023c4   0x000000ca   Code   RO          646    .text.usart_baudrate_set  gd32f30x_usart.o
    0x0800248e   0x0800248e   0x00000002   PAD
    0x08002490   0x08002490   0x00000020   Code   RO           18    .text.usart_config  cfg.o
    0x080024b0   0x080024b0   0x000000b8   Code   RO          644    .text.usart_deinit  gd32f30x_usart.o
    0x08002568   0x08002568   0x0000002a   Code   RO          728    .text.usart_dma_receive_config  gd32f30x_usart.o
    0x08002592   0x08002592   0x00000002   PAD
    0x08002594   0x08002594   0x0000002a   Code   RO          730    .text.usart_dma_transmit_config  gd32f30x_usart.o
    0x080025be   0x080025be   0x00000002   PAD
    0x080025c0   0x080025c0   0x00000012   Code   RO          654    .text.usart_enable  gd32f30x_usart.o
    0x080025d2   0x080025d2   0x00000002   PAD
    0x080025d4   0x080025d4   0x00000024   Code   RO          736    .text.usart_interrupt_enable  gd32f30x_usart.o
    0x080025f8   0x080025f8   0x0000005e   Code   RO          740    .text.usart_interrupt_flag_get  gd32f30x_usart.o
    0x08002656   0x08002656   0x00000002   PAD
    0x08002658   0x08002658   0x0000002a   Code   RO          660    .text.usart_receive_config  gd32f30x_usart.o
    0x08002682   0x08002682   0x00000002   PAD
    0x08002684   0x08002684   0x0000002a   Code   RO          658    .text.usart_transmit_config  gd32f30x_usart.o
    0x080026ae   0x080026ae   0x00000002   PAD
    0x080026b0   0x080026b0   0x00000048   Code   RO         1471    .text.uxListRemove  list.o
    0x080026f8   0x080026f8   0x0000000c   Code   RO         1690    .text.uxTaskGetNumberOfTasks  tasks_1.o
    0x08002704   0x08002704   0x00000030   Code   RO         1463    .text.vListInitialise  list.o
    0x08002734   0x08002734   0x0000000e   Code   RO         1465    .text.vListInitialiseItem  list.o
    0x08002742   0x08002742   0x00000002   PAD
    0x08002744   0x08002744   0x00000078   Code   RO         1469    .text.vListInsert   list.o
    0x080027bc   0x080027bc   0x00000014   Code   RO         1492    .text.vPortEnableVFP  port.o
    0x080027d0   0x080027d0   0x00000056   Code   RO         1498    .text.vPortEnterCritical  port.o
    0x08002826   0x08002826   0x00000002   PAD
    0x08002828   0x08002828   0x0000004a   Code   RO         1500    .text.vPortExitCritical  port.o
    0x08002872   0x08002872   0x00000002   PAD
    0x08002874   0x08002874   0x00000124   Code   RO         1520    .text.vPortFree     heap_4.o
    0x08002998   0x08002998   0x00000046   Code   RO         1490    .text.vPortSetupTimerInterrupt  port.o
    0x080029de   0x080029de   0x00000002   PAD
    0x080029e0   0x080029e0   0x00000084   Code   RO         1504    .text.vPortValidateInterruptPriority  port.o
    0x08002a64   0x08002a64   0x00000086   Code   RO           31    .text.vTaskBlink    my_tasks.o
    0x08002aea   0x08002aea   0x00000002   PAD
    0x08002aec   0x08002aec   0x00000078   Code   RO         1652    .text.vTaskDelay    tasks_1.o
    0x08002b64   0x08002b64   0x00000028   Code   RO         1710    .text.vTaskInternalSetTimeOutState  tasks_1.o
    0x08002b8c   0x08002b8c   0x0000000e   Code   RO         1714    .text.vTaskMissedYield  tasks_1.o
    0x08002b9a   0x08002b9a   0x00000002   PAD
    0x08002b9c   0x08002b9c   0x00000046   Code   RO         1700    .text.vTaskPlaceOnEventList  tasks_1.o
    0x08002be2   0x08002be2   0x00000002   PAD
    0x08002be4   0x08002be4   0x0000018e   Code   RO         1734    .text.vTaskPriorityDisinheritAfterTimeout  tasks_1.o
    0x08002d72   0x08002d72   0x00000002   PAD
    0x08002d74   0x08002d74   0x00000162   Code   RO           33    .text.vTaskRW       my_tasks.o
    0x08002ed6   0x08002ed6   0x00000002   PAD
    0x08002ed8   0x08002ed8   0x00000082   Code   RO         1676    .text.vTaskStartScheduler  tasks_1.o
    0x08002f5a   0x08002f5a   0x00000002   PAD
    0x08002f5c   0x08002f5c   0x00000010   Code   RO         1646    .text.vTaskSuspendAll  tasks_1.o
    0x08002f6c   0x08002f6c   0x000000d6   Code   RO         1668    .text.vTaskSwitchContext  tasks_1.o
    0x08003042   0x08003042   0x00000002   PAD
    0x08003044   0x08003044   0x000001f4   Code   RO         1486    .text.xPortStartScheduler  port.o
    0x08003238   0x08003238   0x0000009a   Code   RO         1554    .text.xQueueGenericCreate  queue.o
    0x080032d2   0x080032d2   0x00000002   PAD
    0x080032d4   0x080032d4   0x00000108   Code   RO         1552    .text.xQueueGenericReset  queue.o
    0x080033dc   0x080033dc   0x0000016c   Code   RO         1580    .text.xQueueGiveFromISR  queue.o
    0x08003548   0x08003548   0x0000021c   Code   RO         1568    .text.xQueueSemaphoreTake  queue.o
    0x08003764   0x08003764   0x000000fe   Code   RO         1712    .text.xTaskCheckForTimeOut  tasks_1.o
    0x08003862   0x08003862   0x00000002   PAD
    0x08003864   0x08003864   0x00000052   Code   RO         1632    .text.xTaskCreate   tasks_1.o
    0x080038b6   0x080038b6   0x00000002   PAD
    0x080038b8   0x080038b8   0x000002c0   Code   RO         1746    .text.xTaskGenericNotifyFromISR  tasks_1.o
    0x08003b78   0x08003b78   0x00000170   Code   RO         1742    .text.xTaskGenericNotifyWait  tasks_1.o
    0x08003ce8   0x08003ce8   0x00000038   Code   RO         1728    .text.xTaskGetSchedulerState  tasks_1.o
    0x08003d20   0x08003d20   0x00000288   Code   RO         1684    .text.xTaskIncrementTick  tasks_1.o
    0x08003fa8   0x08003fa8   0x00000168   Code   RO         1730    .text.xTaskPriorityInherit  tasks_1.o
    0x08004110   0x08004110   0x000001b0   Code   RO         1704    .text.xTaskRemoveFromEventList  tasks_1.o
    0x080042c0   0x080042c0   0x0000026c   Code   RO         1650    .text.xTaskResumeAll  tasks_1.o
    0x0800452c   0x0800452c   0x0000001a   Code   RO         1921    x$fpl$fpinit        fz_wm.l(fpinit.o)
    0x08004546   0x08004546   0x00000011   Data   RO            6    .rodata.str1.1      main.o
    0x08004557   0x08004557   0x00000005   Data   RO         1784    .rodata.str1.1      tasks_1.o
    0x0800455c   0x0800455c   0x00000004   Data   RO         1779    .rodata.uxTopUsedPriority  tasks_1.o
    0x08004560   0x08004560   0x00000020   Data   RO         1982    Region$$Table       anon$$obj.o


    Execution Region RW_IRAM1 (Exec base: 0x20000000, Load base: 0x08004580, Size: 0x00004828, Max: 0x00018000, ABSOLUTE)

    Exec Addr    Load Addr    Size         Type   Attr      Idx    E Section Name        Object

    0x20000000   0x08004580   0x00000004   Data   RW           90    .data.COM_CLK       gd32f307c_eval.o
    0x20000004   0x08004584   0x00000004   Data   RW           89    .data.COM_GPIO_CLK  gd32f307c_eval.o
    0x20000008   0x08004588   0x00000008   Data   RW           91    .data.COM_GPIO_PORT  gd32f307c_eval.o
    0x20000010   0x08004590   0x00000008   Data   RW           93    .data.COM_RX_PIN    gd32f307c_eval.o
    0x20000018   0x08004598   0x00000008   Data   RW           92    .data.COM_TX_PIN    gd32f307c_eval.o
    0x20000020   0x080045a0   0x00000004   Data   RW          768    .data.SystemCoreClock  system_gd32f30x.o
    0x20000024   0x080045a4   0x00000004   Data   RW         1508    .data.uxCriticalNesting  port.o
    0x20000028        -       0x00000060   Zero   RW         1847    .bss                c_w.l(libspace.o)
    0x20000088        -       0x00000004   Zero   RW         1762    .bss.pxCurrentTCB   tasks_1.o
    0x2000008c        -       0x00000004   Zero   RW         1770    .bss.pxDelayedTaskList  tasks_1.o
    0x20000090        -       0x00000004   Zero   RW         1538    .bss.pxEnd          heap_4.o
    0x20000094        -       0x00000004   Zero   RW         1771    .bss.pxOverflowDelayedTaskList  tasks_1.o
    0x20000098        -       0x000000a8   Zero   RW         1774    .bss.pxReadyTasksLists  tasks_1.o
    0x20000140        -       0x00000104   Zero   RW           35    .bss.rx_buf         my_tasks.o
    0x20000244        -       0x00000100   Zero   RW           36    .bss.tx_buf         my_tasks.o
    0x20000344        -       0x00003c00   Zero   RW         1541    .bss.ucHeap         heap_4.o
    0x20003f44        -       0x00000001   Zero   RW         1506    .bss.ucMaxSysCallPriority  port.o
    0x20003f45   0x080045a8   0x00000003   PAD
    0x20003f48        -       0x00000004   Zero   RW         1507    .bss.ulMaxPRIGROUPValue  port.o
    0x20003f4c        -       0x00000004   Zero   RW         1767    .bss.uxCurrentNumberOfTasks  tasks_1.o
    0x20003f50        -       0x00000004   Zero   RW         1766    .bss.uxDeletedTasksWaitingCleanUp  tasks_1.o
    0x20003f54        -       0x00000004   Zero   RW         1768    .bss.uxSchedulerSuspended  tasks_1.o
    0x20003f58        -       0x00000004   Zero   RW         1763    .bss.uxTaskNumber   tasks_1.o
    0x20003f5c        -       0x00000004   Zero   RW         1775    .bss.uxTopReadyPriority  tasks_1.o
    0x20003f60        -       0x00000018   Zero   RW         1782    .bss.xDelayedTaskList1  tasks_1.o
    0x20003f78        -       0x00000018   Zero   RW         1783    .bss.xDelayedTaskList2  tasks_1.o
    0x20003f90        -       0x00000004   Zero   RW         1539    .bss.xFreeBytesRemaining  heap_4.o
    0x20003f94        -       0x00000004   Zero   RW         1778    .bss.xIdleTaskHandles  tasks_1.o
    0x20003f98        -       0x00000004   Zero   RW         1542    .bss.xMinimumEverFreeBytesRemaining  heap_4.o
    0x20003f9c   0x080045a8   0x00000004   PAD
    0x20003fa0        -       0x00000008   Zero   RW         1777    .bss.xNextTaskUnblockTime  tasks_1.o
    0x20003fa8        -       0x00000004   Zero   RW         1781    .bss.xNumOfOverflows  tasks_1.o
    0x20003fac        -       0x00000004   Zero   RW         1543    .bss.xNumberOfSuccessfulAllocations  heap_4.o
    0x20003fb0        -       0x00000004   Zero   RW         1544    .bss.xNumberOfSuccessfulFrees  heap_4.o
    0x20003fb4   0x080045a8   0x00000004   PAD
    0x20003fb8        -       0x00000008   Zero   RW         1780    .bss.xPendedTicks   tasks_1.o
    0x20003fc0        -       0x00000018   Zero   RW         1772    .bss.xPendingReadyList  tasks_1.o
    0x20003fd8        -       0x00000004   Zero   RW            4    .bss.xRxTaskHandle  main.o
    0x20003fdc        -       0x00000004   Zero   RW         1764    .bss.xSchedulerRunning  tasks_1.o
    0x20003fe0        -       0x00000008   Zero   RW         1540    .bss.xStart         heap_4.o
    0x20003fe8        -       0x00000018   Zero   RW         1773    .bss.xSuspendedTaskList  tasks_1.o
    0x20004000        -       0x00000018   Zero   RW         1765    .bss.xTasksWaitingTermination  tasks_1.o
    0x20004018        -       0x00000008   Zero   RW         1769    .bss.xTickCount     tasks_1.o
    0x20004020        -       0x00000004   Zero   RW            5    .bss.xTxSemaphore   main.o
    0x20004024        -       0x00000004   Zero   RW         1776    .bss.xYieldPendings  tasks_1.o
    0x20004028        -       0x00000400   Zero   RW          751    HEAP                startup_gd32f30x_cl.o
    0x20004428        -       0x00000400   Zero   RW          750    STACK               startup_gd32f30x_cl.o


==============================================================================

Image component sizes


      Code (inc. data)   RO Data    RW Data    ZI Data      Debug   Object Name

       376          0          0          0          0       2593   cfg.o
       202          0          0         32          0       4378   gd32f307c_eval.o
      1282          0          0          0          0       6595   gd32f30x_dma.o
       420          0          0          0          0       5719   gd32f30x_gpio.o
       326          0          0          0          0       3024   gd32f30x_misc.o
       722          4          0          0          0      12429   gd32f30x_rcu.o
       702          0          0          0          0      10641   gd32f30x_usart.o
      1536          0          0          0      15388       5370   heap_4.o
       264          0          0          0          0       3758   irqs.o
       254          0          0          0          0       2351   list.o
       142          0         17          0          8       1113   main.o
       488          0          0          0        516       2099   my_tasks.o
      1282         16          0          4          5       4260   port.o
      1646          0          0          0          0      15705   queue.o
        64         26        336          0       2048        924   startup_gd32f30x_cl.o
       600          0          0          4          0       2811   system_gd32f30x.o
      6260          6          9          0        360      27101   tasks_1.o
        18          0          0          0          0        502   utils.o

    ----------------------------------------------------------------------
     16688         52        394         40      18336     111373   Object Totals
         0          0         32          0          0          0   (incl. Generated)
       104          0          0          0         11          0   (incl. Padding)

    ----------------------------------------------------------------------

      Code (inc. data)   RO Data    RW Data    ZI Data      Debug   Library Member Name

         8          0          0          0          0         68   __main.o
         0          0          0          0          0          0   __rtentry.o
        12          0          0          0          0          0   __rtentry2.o
         6          0          0          0          0          0   __rtentry4.o
        52          8          0          0          0          0   __scatter.o
        26          0          0          0          0          0   __scatter_copy.o
        28          0          0          0          0          0   __scatter_zi.o
        16          0          0          0          0         68   aeabi_memset4.o
        18          0          0          0          0         80   exit.o
         6          0          0          0          0        152   heapauxi.o
         0          0          0          0          0          0   indicate_semi.o
         2          0          0          0          0          0   libinit.o
         6          0          0          0          0          0   libinit2.o
         2          0          0          0          0          0   libshutdown.o
         2          0          0          0          0          0   libshutdown2.o
         8          4          0          0         96         68   libspace.o
       240          0          0          0          0        100   lludivv7m.o
        68          0          0          0          0         68   rt_memclr.o
        78          0          0          0          0         80   rt_memclr_w.o
         2          0          0          0          0          0   rtexit.o
        10          0          0          0          0          0   rtexit2.o
        12          4          0          0          0         68   sys_exit.o
        74          0          0          0          0         80   sys_stackheap_outer.o
         2          0          0          0          0         68   use_no_semi.o
        26          0          0          0          0        116   fpinit.o

    ----------------------------------------------------------------------
       710         16          0          0         96       1016   Library Totals
         6          0          0          0          0          0   (incl. Padding)

    ----------------------------------------------------------------------

      Code (inc. data)   RO Data    RW Data    ZI Data      Debug   Library Name

       678         16          0          0         96        900   c_w.l
        26          0          0          0          0        116   fz_wm.l

    ----------------------------------------------------------------------
       710         16          0          0         96       1016   Library Totals

    ----------------------------------------------------------------------

==============================================================================


      Code (inc. data)   RO Data    RW Data    ZI Data      Debug   

     17398         68        394         40      18432     111705   Grand Totals
     17398         68        394         40      18432     111705   ELF Image Totals
     17398         68        394         40          0          0   ROM Totals

==============================================================================

    Total RO  Size (Code + RO Data)                17792 (  17.38kB)
    Total RW  Size (RW Data + ZI Data)             18472 (  18.04kB)
    Total ROM Size (Code + RO Data + RW Data)      17832 (  17.41kB)

==============================================================================

